Component: ARM Compiler 5.05 update 1 (build 106) Tool: armlink [4d0efa]

==============================================================================

Section Cross References

    system_stm32f0xx.o(i.SystemCoreClockUpdate) refers to uidiv.o(.text) for __aeabi_uidivmod
    system_stm32f0xx.o(i.SystemCoreClockUpdate) refers to system_stm32f0xx.o(.data) for .data
    system_stm32f0xx.o(i.SystemInit) refers to system_stm32f0xx.o(i.SetSysClock) for SetSysClock
    startup_stm32f030.o(RESET) refers to startup_stm32f030.o(STACK) for __initial_sp
    startup_stm32f030.o(RESET) refers to startup_stm32f030.o(.text) for Reset_Handler
    startup_stm32f030.o(RESET) refers to stm32f0xx_it.o(i.NMI_Handler) for NMI_Handler
    startup_stm32f030.o(RESET) refers to stm32f0xx_it.o(i.HardFault_Handler) for HardFault_Handler
    startup_stm32f030.o(RESET) refers to port.o(i.SVC_Handler) for SVC_Handler
    startup_stm32f030.o(RESET) refers to port.o(.emb_text) for PendSV_Handler
    startup_stm32f030.o(RESET) refers to port.o(i.SysTick_Handler) for SysTick_Handler
    startup_stm32f030.o(RESET) refers to stm32f0xx_it.o(i.DMA1_Channel1_IRQHandler) for DMA1_Channel1_IRQHandler
    startup_stm32f030.o(.text) refers to startup_stm32f030.o(STACK) for __initial_sp
    startup_stm32f030.o(.text) refers to system_stm32f0xx.o(i.SystemInit) for SystemInit
    startup_stm32f030.o(.text) refers to entry.o(.ARM.Collect$$$$00000000) for __main
    stm32f0xx_adc.o(i.ADC_DeInit) refers to stm32f0xx_rcc.o(i.RCC_APB2PeriphResetCmd) for RCC_APB2PeriphResetCmd
    stm32f0xx_cec.o(i.CEC_DeInit) refers to stm32f0xx_rcc.o(i.RCC_APB1PeriphResetCmd) for RCC_APB1PeriphResetCmd
    stm32f0xx_dac.o(i.DAC_DeInit) refers to stm32f0xx_rcc.o(i.RCC_APB1PeriphResetCmd) for RCC_APB1PeriphResetCmd
    stm32f0xx_flash.o(i.FLASH_EraseAllPages) refers to stm32f0xx_flash.o(i.FLASH_WaitForLastOperation) for FLASH_WaitForLastOperation
    stm32f0xx_flash.o(i.FLASH_ErasePage) refers to stm32f0xx_flash.o(i.FLASH_WaitForLastOperation) for FLASH_WaitForLastOperation
    stm32f0xx_flash.o(i.FLASH_OB_BOOT0Config) refers to stm32f0xx_flash.o(i.FLASH_WaitForLastOperation) for FLASH_WaitForLastOperation
    stm32f0xx_flash.o(i.FLASH_OB_BOOT0SWConfig) refers to stm32f0xx_flash.o(i.FLASH_WaitForLastOperation) for FLASH_WaitForLastOperation
    stm32f0xx_flash.o(i.FLASH_OB_BOOTConfig) refers to stm32f0xx_flash.o(i.FLASH_WaitForLastOperation) for FLASH_WaitForLastOperation
    stm32f0xx_flash.o(i.FLASH_OB_EnableWRP) refers to stm32f0xx_flash.o(i.FLASH_WaitForLastOperation) for FLASH_WaitForLastOperation
    stm32f0xx_flash.o(i.FLASH_OB_Erase) refers to stm32f0xx_flash.o(i.FLASH_OB_GetRDP) for FLASH_OB_GetRDP
    stm32f0xx_flash.o(i.FLASH_OB_Erase) refers to stm32f0xx_flash.o(i.FLASH_WaitForLastOperation) for FLASH_WaitForLastOperation
    stm32f0xx_flash.o(i.FLASH_OB_ProgramData) refers to stm32f0xx_flash.o(i.FLASH_WaitForLastOperation) for FLASH_WaitForLastOperation
    stm32f0xx_flash.o(i.FLASH_OB_RDPConfig) refers to stm32f0xx_flash.o(i.FLASH_WaitForLastOperation) for FLASH_WaitForLastOperation
    stm32f0xx_flash.o(i.FLASH_OB_SRAMParityConfig) refers to stm32f0xx_flash.o(i.FLASH_WaitForLastOperation) for FLASH_WaitForLastOperation
    stm32f0xx_flash.o(i.FLASH_OB_UserConfig) refers to stm32f0xx_flash.o(i.FLASH_WaitForLastOperation) for FLASH_WaitForLastOperation
    stm32f0xx_flash.o(i.FLASH_OB_VDDAConfig) refers to stm32f0xx_flash.o(i.FLASH_WaitForLastOperation) for FLASH_WaitForLastOperation
    stm32f0xx_flash.o(i.FLASH_OB_WriteUser) refers to stm32f0xx_flash.o(i.FLASH_WaitForLastOperation) for FLASH_WaitForLastOperation
    stm32f0xx_flash.o(i.FLASH_ProgramHalfWord) refers to stm32f0xx_flash.o(i.FLASH_WaitForLastOperation) for FLASH_WaitForLastOperation
    stm32f0xx_flash.o(i.FLASH_ProgramWord) refers to stm32f0xx_flash.o(i.FLASH_WaitForLastOperation) for FLASH_WaitForLastOperation
    stm32f0xx_flash.o(i.FLASH_WaitForLastOperation) refers to stm32f0xx_flash.o(i.FLASH_GetStatus) for FLASH_GetStatus
    stm32f0xx_i2c.o(i.I2C_DeInit) refers to stm32f0xx_rcc.o(i.RCC_APB1PeriphResetCmd) for RCC_APB1PeriphResetCmd
    stm32f0xx_rcc.o(i.RCC_GetClocksFreq) refers to uidiv.o(.text) for __aeabi_uidivmod
    stm32f0xx_rcc.o(i.RCC_GetClocksFreq) refers to stm32f0xx_rcc.o(.data) for .data
    stm32f0xx_rcc.o(i.RCC_WaitForHSEStartUp) refers to stm32f0xx_rcc.o(i.RCC_GetFlagStatus) for RCC_GetFlagStatus
    stm32f0xx_spi.o(i.I2S_Init) refers to stm32f0xx_rcc.o(i.RCC_GetClocksFreq) for RCC_GetClocksFreq
    stm32f0xx_spi.o(i.I2S_Init) refers to uidiv.o(.text) for __aeabi_uidivmod
    stm32f0xx_spi.o(i.SPI_I2S_DeInit) refers to stm32f0xx_rcc.o(i.RCC_APB2PeriphResetCmd) for RCC_APB2PeriphResetCmd
    stm32f0xx_spi.o(i.SPI_I2S_DeInit) refers to stm32f0xx_rcc.o(i.RCC_APB1PeriphResetCmd) for RCC_APB1PeriphResetCmd
    stm32f0xx_tim.o(i.TIM_DeInit) refers to stm32f0xx_rcc.o(i.RCC_APB1PeriphResetCmd) for RCC_APB1PeriphResetCmd
[...]
    Removing stm32f0xx_usart.o(i.USART_DMACmd), (16 bytes).
    Removing stm32f0xx_usart.o(i.USART_DMAReceptionErrorConfig), (18 bytes).
    Removing stm32f0xx_usart.o(i.USART_DataInvCmd), (20 bytes).
    Removing stm32f0xx_usart.o(i.USART_DeInit), (184 bytes).
    Removing stm32f0xx_usart.o(i.USART_DirectionModeCmd), (16 bytes).
    Removing stm32f0xx_usart.o(i.USART_GetITStatus), (56 bytes).
    Removing stm32f0xx_usart.o(i.USART_HalfDuplexCmd), (18 bytes).
    Removing stm32f0xx_usart.o(i.USART_InvPinCmd), (16 bytes).
    Removing stm32f0xx_usart.o(i.USART_IrDACmd), (18 bytes).
    Removing stm32f0xx_usart.o(i.USART_IrDAConfig), (16 bytes).
    Removing stm32f0xx_usart.o(i.USART_LINBreakDetectLengthConfig), (16 bytes).
    Removing stm32f0xx_usart.o(i.USART_LINCmd), (20 bytes).
    Removing stm32f0xx_usart.o(i.USART_MSBFirstCmd), (20 bytes).
    Removing stm32f0xx_usart.o(i.USART_MuteModeCmd), (20 bytes).
    Removing stm32f0xx_usart.o(i.USART_MuteModeWakeUpConfig), (18 bytes).
    Removing stm32f0xx_usart.o(i.USART_OneBitMethodCmd), (20 bytes).
    Removing stm32f0xx_usart.o(i.USART_OverSampling8Cmd), (20 bytes).
    Removing stm32f0xx_usart.o(i.USART_OverrunDetectionConfig), (18 bytes).
    Removing stm32f0xx_usart.o(i.USART_ReceiveData), (8 bytes).
    Removing stm32f0xx_usart.o(i.USART_ReceiverTimeOutCmd), (20 bytes).
    Removing stm32f0xx_usart.o(i.USART_RequestCmd), (16 bytes).
    Removing stm32f0xx_usart.o(i.USART_STOPModeCmd), (18 bytes).
    Removing stm32f0xx_usart.o(i.USART_SWAPPinCmd), (20 bytes).
    Removing stm32f0xx_usart.o(i.USART_SetAddress), (18 bytes).
    Removing stm32f0xx_usart.o(i.USART_SetAutoRetryCount), (20 bytes).
    Removing stm32f0xx_usart.o(i.USART_SetBlockLength), (18 bytes).
    Removing stm32f0xx_usart.o(i.USART_SetDEAssertionTime), (20 bytes).
    Removing stm32f0xx_usart.o(i.USART_SetDEDeassertionTime), (20 bytes).
    Removing stm32f0xx_usart.o(i.USART_SetGuardTime), (16 bytes).
    Removing stm32f0xx_usart.o(i.USART_SetPrescaler), (16 bytes).
    Removing stm32f0xx_usart.o(i.USART_SetReceiverTimeOut), (16 bytes).
    Removing stm32f0xx_usart.o(i.USART_SmartCardCmd), (18 bytes).
    Removing stm32f0xx_usart.o(i.USART_SmartCardNACKCmd), (18 bytes).
    Removing stm32f0xx_usart.o(i.USART_StopModeWakeUpSourceConfig), (18 bytes).
    Removing stm32f0xx_usart.o(i.USART_StructInit), (22 bytes).
    Removing stm32f0xx_comp.o(.rev16_text), (4 bytes).
    Removing stm32f0xx_comp.o(.revsh_text), (4 bytes).
    Removing stm32f0xx_comp.o(i.COMP_Cmd), (28 bytes).
    Removing stm32f0xx_comp.o(i.COMP_DeInit), (12 bytes).
    Removing stm32f0xx_comp.o(i.COMP_GetOutputLevel), (32 bytes).
    Removing stm32f0xx_comp.o(i.COMP_Init), (44 bytes).
    Removing stm32f0xx_comp.o(i.COMP_LockConfig), (20 bytes).
    Removing stm32f0xx_comp.o(i.COMP_StructInit), (16 bytes).
    Removing stm32f0xx_comp.o(i.COMP_SwitchCmd), (24 bytes).
    Removing stm32f0xx_comp.o(i.COMP_WindowCmd), (24 bytes).
    Removing stm32f0xx_gpio.o(.rev16_text), (4 bytes).
    Removing stm32f0xx_gpio.o(.revsh_text), (4 bytes).
    Removing stm32f0xx_gpio.o(i.GPIO_DeInit), (112 bytes).
    Removing stm32f0xx_gpio.o(i.GPIO_PinLockConfig), (26 bytes).
    Removing stm32f0xx_gpio.o(i.GPIO_ReadInputData), (4 bytes).
    Removing stm32f0xx_gpio.o(i.GPIO_ReadInputDataBit), (14 bytes).
    Removing stm32f0xx_gpio.o(i.GPIO_ReadOutputData), (4 bytes).
    Removing stm32f0xx_gpio.o(i.GPIO_ReadOutputDataBit), (14 bytes).
    Removing stm32f0xx_gpio.o(i.GPIO_ResetBits), (4 bytes).
    Removing stm32f0xx_gpio.o(i.GPIO_SetBits), (4 bytes).
    Removing stm32f0xx_gpio.o(i.GPIO_Write), (4 bytes).
    Removing stm32f0xx_gpio.o(i.GPIO_WriteBit), (12 bytes).
    Removing stm32f0xx_syscfg.o(.rev16_text), (4 bytes).
    Removing stm32f0xx_syscfg.o(.revsh_text), (4 bytes).
    Removing stm32f0xx_syscfg.o(i.SYSCFG_BreakConfig), (16 bytes).
    Removing stm32f0xx_syscfg.o(i.SYSCFG_ClearFlag), (16 bytes).
    Removing stm32f0xx_syscfg.o(i.SYSCFG_DMAChannelRemapConfig), (24 bytes).
    Removing stm32f0xx_syscfg.o(i.SYSCFG_DeInit), (36 bytes).
    Removing stm32f0xx_syscfg.o(i.SYSCFG_EXTILineConfig), (40 bytes).
    Removing stm32f0xx_syscfg.o(i.SYSCFG_GetFlagStatus), (20 bytes).
    Removing stm32f0xx_syscfg.o(i.SYSCFG_GetPendingIT), (24 bytes).
    Removing stm32f0xx_syscfg.o(i.SYSCFG_I2CFastModePlusConfig), (24 bytes).
    Removing stm32f0xx_syscfg.o(i.SYSCFG_IRDAEnvSelection), (24 bytes).
    Removing stm32f0xx_syscfg.o(i.SYSCFG_MemoryRemapConfig), (20 bytes).
    Removing stm32f0xx_dbgmcu.o(.rev16_text), (4 bytes).
    Removing stm32f0xx_dbgmcu.o(.revsh_text), (4 bytes).
    Removing stm32f0xx_dbgmcu.o(i.DBGMCU_APB1PeriphConfig), (24 bytes).
    Removing stm32f0xx_dbgmcu.o(i.DBGMCU_APB2PeriphConfig), (24 bytes).
    Removing stm32f0xx_dbgmcu.o(i.DBGMCU_Config), (24 bytes).
    Removing stm32f0xx_dbgmcu.o(i.DBGMCU_GetDEVID), (16 bytes).
    Removing stm32f0xx_dbgmcu.o(i.DBGMCU_GetREVID), (12 bytes).
    Removing stm32f0xx_pwr.o(.rev16_text), (4 bytes).
    Removing stm32f0xx_pwr.o(.revsh_text), (4 bytes).
    Removing stm32f0xx_pwr.o(i.PWR_BackupAccessCmd), (24 bytes).
    Removing stm32f0xx_pwr.o(i.PWR_ClearFlag), (16 bytes).
    Removing stm32f0xx_pwr.o(i.PWR_DeInit), (22 bytes).
    Removing stm32f0xx_pwr.o(i.PWR_EnterSTANDBYMode), (32 bytes).
    Removing stm32f0xx_pwr.o(i.PWR_EnterSTOPMode), (60 bytes).
    Removing stm32f0xx_pwr.o(i.PWR_EnterSleepMode), (32 bytes).
    Removing stm32f0xx_pwr.o(i.PWR_GetFlagStatus), (20 bytes).
    Removing stm32f0xx_pwr.o(i.PWR_PVDCmd), (24 bytes).
    Removing stm32f0xx_pwr.o(i.PWR_PVDLevelConfig), (20 bytes).
    Removing stm32f0xx_pwr.o(i.PWR_WakeUpPinCmd), (24 bytes).
    Removing app_task.o(.rev16_text), (4 bytes).
    Removing app_task.o(.revsh_text), (4 bytes).
    Removing app_task.o(i.PostSleepProcessing), (24 bytes).
    Removing app_task.o(i.PreSleepProcessing), (24 bytes).
    Removing app_task.o(i.vApplicationIdleHook), (2 bytes).
    Removing app_task.o(i.vApplicationMallocFailedHook), (4 bytes).
    Removing app_task.o(i.vApplicationStackOverflowHook), (4 bytes).
    Removing app_task.o(i.vApplicationTickHook), (2 bytes).
    Removing app_task.o(i.vPrintStringAndNumber), (44 bytes).
    Removing app_task.o(i.vTaskAppIdle), (2 bytes).
    Removing app_task.o(i.vTaskAppStateMachine), (36 bytes).
    Removing app_task.o(.data), (4 bytes).
    Removing app_task.o(.data), (4 bytes).
    Removing app_task.o(.data), (4 bytes).
    Removing app_task.o(.data), (4 bytes).
    Removing app_task.o(.data), (4 bytes).
    Removing app_task.o(.data), (4 bytes).
    Removing app_task.o(.data), (4 bytes).
    Removing app_task.o(.data), (4 bytes).
    Removing app_task.o(.data), (4 bytes).
    Removing hw_config.o(.rev16_text), (4 bytes).
    Removing hw_config.o(.revsh_text), (4 bytes).
    Removing hw_config.o(i.Button_Config), (44 bytes).
    Removing hw_config.o(i.Button_Config_EXTI), (90 bytes).
    Removing hw_config.o(i.Button_GetState), (14 bytes).
    Removing hw_config.o(i.Delay), (16 bytes).
    Removing hw_config.o(i.SystemClkDelay), (6 bytes).
    Removing hw_config.o(i.TimingDelay_Decrement), (20 bytes).
    Removing hw_config.o(i.UART_GetByte), (32 bytes).
    Removing hw_config.o(i.UART_SendByte), (32 bytes).
    Removing hw_config.o(i.UART_SendString), (26 bytes).
    Removing hw_config.o(i.USART_Test), (60 bytes).
    Removing hw_config.o(i.fgetc), (52 bytes).
    Removing hw_config.o(.data), (1 bytes).
    Removing hw_config.o(.data), (4 bytes).
    Removing macro.o(i._AscToHex_), (26 bytes).
    Removing macro.o(i._CharToString_), (32 bytes).
    Removing macro.o(i._HexToAsc_), (42 bytes).
    Removing macro.o(i._IntToUnicode_), (44 bytes).
    Removing macro.o(i._StringToChar_), (44 bytes).
    Removing macro.o(i._floatToInt_), (80 bytes).
    Removing macro.o(i.trunc), (32 bytes).
    Removing main.o(.rev16_text), (4 bytes).
    Removing main.o(.revsh_text), (4 bytes).
    Removing stm32f0xx_it.o(.rev16_text), (4 bytes).
    Removing stm32f0xx_it.o(.revsh_text), (4 bytes).
    Removing stm32f0xx_it.o(i.PendSV_Handler), (2 bytes).
    Removing stm32f0xx_it.o(i.SVC_Handler), (2 bytes).
    Removing stm32f0xx_it.o(i.SysTick_Handler), (2 bytes).
    Removing i2c_device.o(.rev16_text), (4 bytes).
    Removing i2c_device.o(.revsh_text), (4 bytes).
    Removing i2c_device.o(i.I2C_DEVICE_Delay), (12 bytes).
    Removing i2c_device.o(i.I2C_DEVICE_LowLevel_DeInit), (72 bytes).
    Removing i2c_device.o(i.I2C_DEVICE_Read), (252 bytes).
    Removing i2c_device.o(i.I2C_DEVICE_TIMEOUT_UserCallback), (20 bytes).
    Removing i2c_device.o(i.I2C_DEVICE_Write), (248 bytes).
    Removing i2c_device.o(i.ReadByte), (24 bytes).
    Removing i2c_device.o(i.WriteByte), (28 bytes).
    Removing i2c_device.o(.data), (8 bytes).
    Removing custom_adc.o(.rev16_text), (4 bytes).
    Removing custom_adc.o(.revsh_text), (4 bytes).
    Removing croutine.o(i.prvCheckDelayedList), (128 bytes).
    Removing croutine.o(i.vCoRoutineAddToDelayedList), (60 bytes).
    Removing croutine.o(i.vCoRoutineSchedule), (132 bytes).
    Removing croutine.o(i.xCoRoutineCreate), (164 bytes).
    Removing croutine.o(i.xCoRoutineRemoveFromEventList), (52 bytes).
    Removing croutine.o(.bss), (100 bytes).
    Removing croutine.o(.data), (28 bytes).
    Removing queue.o(i.uxQueueMessagesWaiting), (24 bytes).
    Removing queue.o(i.uxQueueMessagesWaitingFromISR), (12 bytes).
    Removing queue.o(i.uxQueueSpacesAvailable), (28 bytes).
    Removing queue.o(i.vQueueDelete), (22 bytes).
    Removing queue.o(i.vQueueUnregisterQueue), (36 bytes).
    Removing queue.o(i.xQueueCreateCountingSemaphore), (40 bytes).
    Removing queue.o(i.xQueueCreateMutex), (72 bytes).
    Removing queue.o(i.xQueueGiveFromISR), (98 bytes).
    Removing queue.o(i.xQueueGiveMutexRecursive), (50 bytes).
    Removing queue.o(i.xQueueIsQueueEmptyFromISR), (22 bytes).
    Removing queue.o(i.xQueueIsQueueFullFromISR), (24 bytes).
    Removing queue.o(i.xQueuePeekFromISR), (76 bytes).
    Removing queue.o(i.xQueueReceiveFromISR), (112 bytes).
    Removing queue.o(i.xQueueTakeMutexRecursive), (56 bytes).
    Removing tasks.o(i.prvTaskIsTaskSuspended), (44 bytes).
    Removing tasks.o(i.ulTaskNotifyTake), (124 bytes).
    Removing tasks.o(i.uxTaskGetNumberOfTasks), (12 bytes).
    Removing tasks.o(i.uxTaskPriorityGetFromISR), (32 bytes).
    Removing tasks.o(i.uxTaskResetEventItemValue), (24 bytes).
    Removing tasks.o(i.vTaskDelay), (60 bytes).
    Removing tasks.o(i.vTaskEndScheduler), (20 bytes).
    Removing tasks.o(i.vTaskNotifyGiveFromISR), (136 bytes).
    Removing tasks.o(i.vTaskPlaceOnUnorderedEventList), (84 bytes).
    Removing tasks.o(i.vTaskResume), (92 bytes).
    Removing tasks.o(i.vTaskSuspend), (124 bytes).
    Removing tasks.o(i.xTaskGetCurrentTaskHandle), (12 bytes).
    Removing tasks.o(i.xTaskGetTickCountFromISR), (12 bytes).
    Removing tasks.o(i.xTaskNotify), (148 bytes).
    Removing tasks.o(i.xTaskNotifyFromISR), (180 bytes).
    Removing tasks.o(i.xTaskNotifyWait), (152 bytes).
    Removing tasks.o(i.xTaskRemoveFromUnorderedEventList), (96 bytes).
    Removing tasks.o(i.xTaskResumeFromISR), (108 bytes).
    Removing timers.o(i.pcTimerGetTimerName), (4 bytes).
    Removing timers.o(i.pvTimerGetTimerID), (4 bytes).
    Removing timers.o(i.xTimerCreate), (56 bytes).
    Removing timers.o(i.xTimerIsTimerActive), (28 bytes).
    Removing port.o(i.vPortEndScheduler), (24 bytes).
    Removing event_groups.o(i.prvTestWaitCondition), (22 bytes).
    Removing event_groups.o(i.vEventGroupClearBitsCallback), (8 bytes).
    Removing event_groups.o(i.vEventGroupDelete), (54 bytes).
    Removing event_groups.o(i.vEventGroupSetBitsCallback), (8 bytes).
    Removing event_groups.o(i.xEventGroupClearBits), (40 bytes).
    Removing event_groups.o(i.xEventGroupCreate), (26 bytes).
    Removing event_groups.o(i.xEventGroupGetBitsFromISR), (18 bytes).
    Removing event_groups.o(i.xEventGroupSetBits), (116 bytes).
    Removing event_groups.o(i.xEventGroupSync), (164 bytes).
    Removing event_groups.o(i.xEventGroupWaitBits), (204 bytes).
    Removing heap_4.o(i.vPortInitialiseBlocks), (2 bytes).
    Removing heap_4.o(i.xPortGetFreeHeapSize), (12 bytes).
    Removing heap_4.o(i.xPortGetMinimumEverFreeHeapSize), (12 bytes).
    Removing fadd.o(.text), (178 bytes).
    Removing dmul.o(.text), (208 bytes).
    Removing fflti.o(.text), (22 bytes).
    Removing dflti.o(.text), (40 bytes).
    Removing ffixi.o(.text), (50 bytes).
    Removing dfixi.o(.text), (72 bytes).
    Removing f2d.o(.text), (40 bytes).
    Removing cdrcmple.o(.text), (40 bytes).
    Removing fepilogue.o(.text), (130 bytes).
    Removing depilogue.o(.text), (190 bytes).
    Removing dadd.o(.text), (356 bytes).
    Removing ddiv.o(.text), (240 bytes).
    Removing dscalb.o(.text), (44 bytes).
    Removing dfixul.o(.text), (64 bytes).
    Removing dsqrt.o(.text), (162 bytes).
    Removing cdcmple.o(.text), (40 bytes).
    Removing depilogue.o(i.__ARM_clz), (46 bytes).

667 unused section(s) (total 22157 bytes) removed from the image.

==============================================================================

Image Symbol Table

    Local Symbols

    Symbol Name                              Value     Ov Type        Size  Object(Section)

    ../clib/microlib/division.c              0x00000000   Number         0  uldiv.o ABSOLUTE
    ../clib/microlib/division.c              0x00000000   Number         0  uidiv.o ABSOLUTE
    ../clib/microlib/errno.c                 0x00000000   Number         0  errno.o ABSOLUTE
    ../clib/microlib/init/entry.s            0x00000000   Number         0  entry9b.o ABSOLUTE
    ../clib/microlib/init/entry.s            0x00000000   Number         0  entry.o ABSOLUTE
    ../clib/microlib/init/entry.s            0x00000000   Number         0  entry9a.o ABSOLUTE
    ../clib/microlib/init/entry.s            0x00000000   Number         0  entry10a.o ABSOLUTE
    ../clib/microlib/init/entry.s            0x00000000   Number         0  entry10b.o ABSOLUTE
    ../clib/microlib/init/entry.s            0x00000000   Number         0  entry11a.o ABSOLUTE
    ../clib/microlib/init/entry.s            0x00000000   Number         0  entry2.o ABSOLUTE
    ../clib/microlib/init/entry.s            0x00000000   Number         0  entry7a.o ABSOLUTE
    ../clib/microlib/init/entry.s            0x00000000   Number         0  entry7b.o ABSOLUTE
    ../clib/microlib/init/entry.s            0x00000000   Number         0  entry8a.o ABSOLUTE
    ../clib/microlib/init/entry.s            0x00000000   Number         0  entry8b.o ABSOLUTE
    ../clib/microlib/init/entry.s            0x00000000   Number         0  entry5.o ABSOLUTE
    ../clib/microlib/init/entry.s            0x00000000   Number         0  entry11b.o ABSOLUTE
    ../clib/microlib/longlong.c              0x00000000   Number         0  llshl.o ABSOLUTE
    ../clib/microlib/longlong.c              0x00000000   Number         0  llushr.o ABSOLUTE
    ../clib/microlib/longlong.c              0x00000000   Number         0  llsshr.o ABSOLUTE
    ../clib/microlib/printf/printf.c         0x00000000   Number         0  printf1.o ABSOLUTE
    ../clib/microlib/printf/printf.c         0x00000000   Number         0  printf2.o ABSOLUTE
    ../clib/microlib/printf/printf.c         0x00000000   Number         0  printf3.o ABSOLUTE
    ../clib/microlib/printf/printf.c         0x00000000   Number         0  printf4.o ABSOLUTE
    ../clib/microlib/printf/printf.c         0x00000000   Number         0  printf5.o ABSOLUTE
    ../clib/microlib/printf/printf.c         0x00000000   Number         0  printf6.o ABSOLUTE
    ../clib/microlib/printf/printf.c         0x00000000   Number         0  printfb.o ABSOLUTE
    ../clib/microlib/printf/printf.c         0x00000000   Number         0  printf7.o ABSOLUTE
    ../clib/microlib/printf/printf.c         0x00000000   Number         0  printf0.o ABSOLUTE
    ../clib/microlib/printf/printf.c         0x00000000   Number         0  printf8.o ABSOLUTE
    ../clib/microlib/printf/printf.c         0x00000000   Number         0  printfa.o ABSOLUTE
    ../clib/microlib/printf/stubs.s          0x00000000   Number         0  stubs.o ABSOLUTE
    ../clib/microlib/stdio/fflush.c          0x00000000   Number         0  fflush.o ABSOLUTE
    ../clib/microlib/stdio/streams.c         0x00000000   Number         0  stdout.o ABSOLUTE
    ../clib/microlib/string/memcpy.c         0x00000000   Number         0  memcpya.o ABSOLUTE
    ../clib/microlib/string/memcpy.c         0x00000000   Number         0  memcpyb.o ABSOLUTE
    ../clib/microlib/stubs.s                 0x00000000   Number         0  iusefp.o ABSOLUTE
    ../clib/microlib/unhosted.c              0x00000000   Number         0  uread4.o ABSOLUTE
    ../fplib/microlib/f2d.c                  0x00000000   Number         0  f2d.o ABSOLUTE
    ../fplib/microlib/fpadd.c                0x00000000   Number         0  dadd.o ABSOLUTE
    ../fplib/microlib/fpadd.c                0x00000000   Number         0  fadd.o ABSOLUTE
    ../fplib/microlib/fpdiv.c                0x00000000   Number         0  ddiv.o ABSOLUTE
    ../fplib/microlib/fpepilogue.c           0x00000000   Number         0  depilogue.o ABSOLUTE
    ../fplib/microlib/fpepilogue.c           0x00000000   Number         0  fepilogue.o ABSOLUTE
    ../fplib/microlib/fpfix.c                0x00000000   Number         0  dfixi.o ABSOLUTE
    ../fplib/microlib/fpfix.c                0x00000000   Number         0  dfixul.o ABSOLUTE
    ../fplib/microlib/fpfix.c                0x00000000   Number         0  ffixi.o ABSOLUTE
    ../fplib/microlib/fpflt.c                0x00000000   Number         0  fflti.o ABSOLUTE
    ../fplib/microlib/fpflt.c                0x00000000   Number         0  dflti.o ABSOLUTE
    ../fplib/microlib/fpmul.c                0x00000000   Number         0  dmul.o ABSOLUTE
    ../fplib/microlib/fpscalb.c              0x00000000   Number         0  dscalb.o ABSOLUTE
    ../fplib/microlib/fpsqrt.c               0x00000000   Number         0  dsqrt.o ABSOLUTE
    ../mathlib/ceil.c                        0x00000000   Number         0  ceil.o ABSOLUTE
    ../mathlib/dunder.c                      0x00000000   Number         0  dunder.o ABSOLUTE
    ../mathlib/floor.c                       0x00000000   Number         0  floor.o ABSOLUTE
    ../mathlib/fpclassify.c                  0x00000000   Number         0  fpclassify.o ABSOLUTE
    ../mathlib/poly.c                        0x00000000   Number         0  poly.o ABSOLUTE
    ../mathlib/pow.c                         0x00000000   Number         0  pow_x.o ABSOLUTE
    ../mathlib/pow.c                         0x00000000   Number         0  pow.o ABSOLUTE
    ../mathlib/qnan.c                        0x00000000   Number         0  qnan.o ABSOLUTE
    ../mathlib/sqrt.c                        0x00000000   Number         0  sqrt.o ABSOLUTE
    ../mathlib/sqrt.c                        0x00000000   Number         0  sqrt_x.o ABSOLUTE
    ..\..\..\Libraries\CMSIS\Device\ST\STM32F0xx\Source\Templates\arm\startup_stm32f030.s 0x00000000   Number         0  startup_stm32f030.o ABSOLUTE
    ..\..\..\Libraries\STM32F0xx_StdPeriph_Driver\src\stm32f0xx_adc.c 0x00000000   Number         0  stm32f0xx_adc.o ABSOLUTE
    ..\..\..\Libraries\STM32F0xx_StdPeriph_Driver\src\stm32f0xx_can.c 0x00000000   Number         0  stm32f0xx_can.o ABSOLUTE
    ..\..\..\Libraries\STM32F0xx_StdPeriph_Driver\src\stm32f0xx_cec.c 0x00000000   Number         0  stm32f0xx_cec.o ABSOLUTE
    ..\..\..\Libraries\STM32F0xx_StdPeriph_Driver\src\stm32f0xx_comp.c 0x00000000   Number         0  stm32f0xx_comp.o ABSOLUTE
    ..\..\..\Libraries\STM32F0xx_StdPeriph_Driver\src\stm32f0xx_crc.c 0x00000000   Number         0  stm32f0xx_crc.o ABSOLUTE
    ..\..\..\Libraries\STM32F0xx_StdPeriph_Driver\src\stm32f0xx_dac.c 0x00000000   Number         0  stm32f0xx_dac.o ABSOLUTE
    ..\..\..\Libraries\STM32F0xx_StdPeriph_Driver\src\stm32f0xx_dbgmcu.c 0x00000000   Number         0  stm32f0xx_dbgmcu.o ABSOLUTE
    ..\..\..\Libraries\STM32F0xx_StdPeriph_Driver\src\stm32f0xx_dma.c 0x00000000   Number         0  stm32f0xx_dma.o ABSOLUTE
    ..\..\..\Libraries\STM32F0xx_StdPeriph_Driver\src\stm32f0xx_exti.c 0x00000000   Number         0  stm32f0xx_exti.o ABSOLUTE
    ..\..\..\Libraries\STM32F0xx_StdPeriph_Driver\src\stm32f0xx_flash.c 0x00000000   Number         0  stm32f0xx_flash.o ABSOLUTE
    ..\..\..\Libraries\STM32F0xx_StdPeriph_Driver\src\stm32f0xx_gpio.c 0x00000000   Number         0  stm32f0xx_gpio.o ABSOLUTE
    ..\..\..\Libraries\STM32F0xx_StdPeriph_Driver\src\stm32f0xx_i2c.c 0x00000000   Number         0  stm32f0xx_i2c.o ABSOLUTE
    ..\..\..\Libraries\STM32F0xx_StdPeriph_Driver\src\stm32f0xx_iwdg.c 0x00000000   Number         0  stm32f0xx_iwdg.o ABSOLUTE
    ..\..\..\Libraries\STM32F0xx_StdPeriph_Driver\src\stm32f0xx_misc.c 0x00000000   Number         0  stm32f0xx_misc.o ABSOLUTE
    ..\..\..\Libraries\STM32F0xx_StdPeriph_Driver\src\stm32f0xx_pwr.c 0x00000000   Number         0  stm32f0xx_pwr.o ABSOLUTE
    ..\..\..\Libraries\STM32F0xx_StdPeriph_Driver\src\stm32f0xx_rcc.c 0x00000000   Number         0  stm32f0xx_rcc.o ABSOLUTE
    ..\..\..\Libraries\STM32F0xx_StdPeriph_Driver\src\stm32f0xx_rtc.c 0x00000000   Number         0  stm32f0xx_rtc.o ABSOLUTE
    ..\..\..\Libraries\STM32F0xx_StdPeriph_Driver\src\stm32f0xx_spi.c 0x00000000   Number         0  stm32f0xx_spi.o ABSOLUTE
    ..\..\..\Libraries\STM32F0xx_StdPeriph_Driver\src\stm32f0xx_syscfg.c 0x00000000   Number         0  stm32f0xx_syscfg.o ABSOLUTE
    ..\..\..\Libraries\STM32F0xx_StdPeriph_Driver\src\stm32f0xx_tim.c 0x00000000   Number         0  stm32f0xx_tim.o ABSOLUTE
    ..\..\..\Libraries\STM32F0xx_StdPeriph_Driver\src\stm32f0xx_usart.c 0x00000000   Number         0  stm32f0xx_usart.o ABSOLUTE
    ..\..\..\Libraries\STM32F0xx_StdPeriph_Driver\src\stm32f0xx_wwdg.c 0x00000000   Number         0  stm32f0xx_wwdg.o ABSOLUTE
    ..\..\..\Utilities\Third_Party\FreeRTOS\Source\croutine.c 0x00000000   Number         0  croutine.o ABSOLUTE
    ..\..\..\Utilities\Third_Party\FreeRTOS\Source\event_groups.c 0x00000000   Number         0  event_groups.o ABSOLUTE
    ..\..\..\Utilities\Third_Party\FreeRTOS\Source\list.c 0x00000000   Number         0  list.o ABSOLUTE
    ..\..\..\Utilities\Third_Party\FreeRTOS\Source\portable\MemMang\heap_4.c 0x00000000   Number         0  heap_4.o ABSOLUTE
    ..\..\..\Utilities\Third_Party\FreeRTOS\Source\portable\RVDS\ARM_CM0\port.c 0x00000000   Number         0  port.o ABSOLUTE
    ..\..\..\Utilities\Third_Party\FreeRTOS\Source\queue.c 0x00000000   Number         0  queue.o ABSOLUTE
    ..\..\..\Utilities\Third_Party\FreeRTOS\Source\tasks.c 0x00000000   Number         0  tasks.o ABSOLUTE
    ..\..\..\Utilities\Third_Party\FreeRTOS\Source\timers.c 0x00000000   Number         0  timers.o ABSOLUTE
    ..\\..\\..\\Libraries\\STM32F0xx_StdPeriph_Driver\\src\\stm32f0xx_adc.c 0x00000000   Number         0  stm32f0xx_adc.o ABSOLUTE
    ..\\..\\..\\Libraries\\STM32F0xx_StdPeriph_Driver\\src\\stm32f0xx_can.c 0x00000000   Number         0  stm32f0xx_can.o ABSOLUTE
    ..\\..\\..\\Libraries\\STM32F0xx_StdPeriph_Driver\\src\\stm32f0xx_cec.c 0x00000000   Number         0  stm32f0xx_cec.o ABSOLUTE
    ..\\..\\..\\Libraries\\STM32F0xx_StdPeriph_Driver\\src\\stm32f0xx_comp.c 0x00000000   Number         0  stm32f0xx_comp.o ABSOLUTE
    ..\\..\\..\\Libraries\\STM32F0xx_StdPeriph_Driver\\src\\stm32f0xx_crc.c 0x00000000   Number         0  stm32f0xx_crc.o ABSOLUTE
    ..\\..\\..\\Libraries\\STM32F0xx_StdPeriph_Driver\\src\\stm32f0xx_dac.c 0x00000000   Number         0  stm32f0xx_dac.o ABSOLUTE
    ..\\..\\..\\Libraries\\STM32F0xx_StdPeriph_Driver\\src\\stm32f0xx_dbgmcu.c 0x00000000   Number         0  stm32f0xx_dbgmcu.o ABSOLUTE
    ..\\..\\..\\Libraries\\STM32F0xx_StdPeriph_Driver\\src\\stm32f0xx_dma.c 0x00000000   Number         0  stm32f0xx_dma.o ABSOLUTE
    ..\\..\\..\\Libraries\\STM32F0xx_StdPeriph_Driver\\src\\stm32f0xx_exti.c 0x00000000   Number         0  stm32f0xx_exti.o ABSOLUTE
    ..\\..\\..\\Libraries\\STM32F0xx_StdPeriph_Driver\\src\\stm32f0xx_flash.c 0x00000000   Number         0  stm32f0xx_flash.o ABSOLUTE
    ..\\..\\..\\Libraries\\STM32F0xx_StdPeriph_Driver\\src\\stm32f0xx_gpio.c 0x00000000   Number         0  stm32f0xx_gpio.o ABSOLUTE
    ..\\..\\..\\Libraries\\STM32F0xx_StdPeriph_Driver\\src\\stm32f0xx_i2c.c 0x00000000   Number         0  stm32f0xx_i2c.o ABSOLUTE
    ..\\..\\..\\Libraries\\STM32F0xx_StdPeriph_Driver\\src\\stm32f0xx_iwdg.c 0x00000000   Number         0  stm32f0xx_iwdg.o ABSOLUTE
    ..\\..\\..\\Libraries\\STM32F0xx_StdPeriph_Driver\\src\\stm32f0xx_misc.c 0x00000000   Number         0  stm32f0xx_misc.o ABSOLUTE
    ..\\..\\..\\Libraries\\STM32F0xx_StdPeriph_Driver\\src\\stm32f0xx_pwr.c 0x00000000   Number         0  stm32f0xx_pwr.o ABSOLUTE
    ..\\..\\..\\Libraries\\STM32F0xx_StdPeriph_Driver\\src\\stm32f0xx_rcc.c 0x00000000   Number         0  stm32f0xx_rcc.o ABSOLUTE
    ..\\..\\..\\Libraries\\STM32F0xx_StdPeriph_Driver\\src\\stm32f0xx_rtc.c 0x00000000   Number         0  stm32f0xx_rtc.o ABSOLUTE
    ..\\..\\..\\Libraries\\STM32F0xx_StdPeriph_Driver\\src\\stm32f0xx_spi.c 0x00000000   Number         0  stm32f0xx_spi.o ABSOLUTE
    ..\\..\\..\\Libraries\\STM32F0xx_StdPeriph_Driver\\src\\stm32f0xx_syscfg.c 0x00000000   Number         0  stm32f0xx_syscfg.o ABSOLUTE
    ..\\..\\..\\Libraries\\STM32F0xx_StdPeriph_Driver\\src\\stm32f0xx_tim.c 0x00000000   Number         0  stm32f0xx_tim.o ABSOLUTE
    ..\\..\\..\\Libraries\\STM32F0xx_StdPeriph_Driver\\src\\stm32f0xx_usart.c 0x00000000   Number         0  stm32f0xx_usart.o ABSOLUTE
    ..\\..\\..\\Libraries\\STM32F0xx_StdPeriph_Driver\\src\\stm32f0xx_wwdg.c 0x00000000   Number         0  stm32f0xx_wwdg.o ABSOLUTE
    ..\\..\\..\\Utilities\\Third_Party\\FreeRTOS\\Source\\portable\\RVDS\\ARM_CM0\\port.c 0x00000000   Number         0  port.o ABSOLUTE
    ..\\src\\App_Task.c                      0x00000000   Number         0  app_task.o ABSOLUTE
    ..\\src\\Custom_ADC.c                    0x00000000   Number         0  custom_adc.o ABSOLUTE
    ..\\src\\Hw_config.c                     0x00000000   Number         0  hw_config.o ABSOLUTE
    ..\\src\\i2c_device.c                    0x00000000   Number         0  i2c_device.o ABSOLUTE
    ..\\src\\main.c                          0x00000000   Number         0  main.o ABSOLUTE
    ..\\src\\stm32f0xx_it.c                  0x00000000   Number         0  stm32f0xx_it.o ABSOLUTE
    ..\\src\\system_stm32f0xx.c              0x00000000   Number         0  system_stm32f0xx.o ABSOLUTE
    ..\src\App_Task.c                        0x00000000   Number         0  app_task.o ABSOLUTE
    ..\src\Custom_ADC.c                      0x00000000   Number         0  custom_adc.o ABSOLUTE
    ..\src\Hw_config.c                       0x00000000   Number         0  hw_config.o ABSOLUTE
    ..\src\i2c_device.c                      0x00000000   Number         0  i2c_device.o ABSOLUTE
    ..\src\macro.c                           0x00000000   Number         0  macro.o ABSOLUTE
    ..\src\main.c                            0x00000000   Number         0  main.o ABSOLUTE
    ..\src\stm32f0xx_it.c                    0x00000000   Number         0  stm32f0xx_it.o ABSOLUTE
    ..\src\system_stm32f0xx.c                0x00000000   Number         0  system_stm32f0xx.o ABSOLUTE
    cdcmple.s                                0x00000000   Number         0  cdcmple.o ABSOLUTE
    cdrcmple.s                               0x00000000   Number         0  cdrcmple.o ABSOLUTE
    dc.s                                     0x00000000   Number         0  dc.o ABSOLUTE
    handlers.s                               0x00000000   Number         0  handlers.o ABSOLUTE
    init.s                                   0x00000000   Number         0  init.o ABSOLUTE
    RESET                                    0x08000000   Section      180  startup_stm32f030.o(RESET)
    .ARM.Collect$$$$00000000                 0x080000b4   Section        0  entry.o(.ARM.Collect$$$$00000000)
    .ARM.Collect$$$$00000001                 0x080000b4   Section        4  entry2.o(.ARM.Collect$$$$00000001)
    .ARM.Collect$$$$00000004                 0x080000b8   Section        4  entry5.o(.ARM.Collect$$$$00000004)
    .ARM.Collect$$$$00000008                 0x080000bc   Section        0  entry7b.o(.ARM.Collect$$$$00000008)
    .ARM.Collect$$$$0000000A                 0x080000bc   Section        0  entry8b.o(.ARM.Collect$$$$0000000A)
    .ARM.Collect$$$$0000000B                 0x080000bc   Section        8  entry9a.o(.ARM.Collect$$$$0000000B)
    .ARM.Collect$$$$0000000D                 0x080000c4   Section        0  entry10a.o(.ARM.Collect$$$$0000000D)
    .ARM.Collect$$$$0000000F                 0x080000c4   Section        0  entry11a.o(.ARM.Collect$$$$0000000F)
    .ARM.Collect$$$$00002712                 0x080000c4   Section        4  entry2.o(.ARM.Collect$$$$00002712)
    __lit__00000000                          0x080000c4   Data           4  entry2.o(.ARM.Collect$$$$00002712)
    .emb_text                                0x080000c8   Section      112  port.o(.emb_text)
    .text                                    0x08000138   Section       88  startup_stm32f030.o(.text)
    .text                                    0x08000190   Section        0  uidiv.o(.text)
    .text                                    0x080001bc   Section        0  memcpya.o(.text)
    .text                                    0x080001e0   Section        0  uldiv.o(.text)
    .text                                    0x08000240   Section        0  llushr.o(.text)
    .text                                    0x08000264   Section       36  init.o(.text)
    .text                                    0x08000288   Section        0  llshl.o(.text)
    i.ADC_ChannelConfig                      0x080002a8   Section        0  stm32f0xx_adc.o(i.ADC_ChannelConfig)
    i.ADC_Cmd                                0x080002b2   Section        0  stm32f0xx_adc.o(i.ADC_Cmd)
    i.ADC_DMACmd                             0x080002c4   Section        0  stm32f0xx_adc.o(i.ADC_DMACmd)
    i.ADC_DMARequestModeConfig               0x080002d8   Section        0  stm32f0xx_adc.o(i.ADC_DMARequestModeConfig)
    i.ADC_DeInit                             0x080002e8   Section        0  stm32f0xx_adc.o(i.ADC_DeInit)
    i.ADC_GetCalibrationFactor               0x08000308   Section        0  stm32f0xx_adc.o(i.ADC_GetCalibrationFactor)
    i.ADC_GetFlagStatus                      0x08000336   Section        0  stm32f0xx_adc.o(i.ADC_GetFlagStatus)
    i.ADC_Init                               0x08000354   Section        0  stm32f0xx_adc.o(i.ADC_Init)
    i.ADC_StartOfConversion                  0x08000380   Section        0  stm32f0xx_adc.o(i.ADC_StartOfConversion)
    i.ADC_StructInit                         0x0800038a   Section        0  stm32f0xx_adc.o(i.ADC_StructInit)
    i.Custom_ADC1_DMA_Config                 0x0800039c   Section        0  custom_adc.o(i.Custom_ADC1_DMA_Config)
    i.Custom_ADC1_Filter                     0x080004a4   Section        0  custom_adc.o(i.Custom_ADC1_Filter)
    i.Custom_ADC1_Voltage                    0x080004e4   Section        0  custom_adc.o(i.Custom_ADC1_Voltage)
    i.DMA1_Channel1_IRQHandler               0x080004fc   Section        0  stm32f0xx_it.o(i.DMA1_Channel1_IRQHandler)
    i.DMA_ClearITPendingBit                  0x08000514   Section        0  stm32f0xx_dma.o(i.DMA_ClearITPendingBit)
    i.DMA_Cmd                                0x0800052c   Section        0  stm32f0xx_dma.o(i.DMA_Cmd)
    i.DMA_DeInit                             0x08000544   Section        0  stm32f0xx_dma.o(i.DMA_DeInit)
    i.DMA_GetITStatus                        0x08000604   Section        0  stm32f0xx_dma.o(i.DMA_GetITStatus)
    i.DMA_ITConfig                           0x08000624   Section        0  stm32f0xx_dma.o(i.DMA_ITConfig)
    i.DMA_Init                               0x08000634   Section        0  stm32f0xx_dma.o(i.DMA_Init)
    i.GPIO_Init                              0x08000670   Section        0  stm32f0xx_gpio.o(i.GPIO_Init)
    i.GPIO_PinAFConfig                       0x080006e0   Section        0  stm32f0xx_gpio.o(i.GPIO_PinAFConfig)
    i.GPIO_StructInit                        0x08000700   Section        0  stm32f0xx_gpio.o(i.GPIO_StructInit)
    i.HardFault_Handler                      0x08000718   Section        0  stm32f0xx_it.o(i.HardFault_Handler)
    i.I2C_Cmd                                0x0800071a   Section        0  stm32f0xx_i2c.o(i.I2C_Cmd)
    i.I2C_DEVICE_Init                        0x08000730   Section        0  i2c_device.o(i.I2C_DEVICE_Init)
    i.I2C_DEVICE_LowLevel_Init               0x08000768   Section        0  i2c_device.o(i.I2C_DEVICE_LowLevel_Init)
    i.I2C_DEVICE_Setup                       0x080007e0   Section        0  i2c_device.o(i.I2C_DEVICE_Setup)
    i.I2C_Init                               0x080007e4   Section        0  stm32f0xx_i2c.o(i.I2C_Init)
    i.LED_Config                             0x08000848   Section        0  hw_config.o(i.LED_Config)
    i.NMI_Handler                            0x08000874   Section        0  stm32f0xx_it.o(i.NMI_Handler)
    i.NVIC_Init                              0x08000878   Section        0  stm32f0xx_misc.o(i.NVIC_Init)
    i.NVIC_SetPriority                       0x080008c8   Section        0  hw_config.o(i.NVIC_SetPriority)
    NVIC_SetPriority                         0x080008c9   Thumb Code    60  hw_config.o(i.NVIC_SetPriority)
    i.RCC_AHBPeriphClockCmd                  0x0800090c   Section        0  stm32f0xx_rcc.o(i.RCC_AHBPeriphClockCmd)
    i.RCC_APB1PeriphClockCmd                 0x08000924   Section        0  stm32f0xx_rcc.o(i.RCC_APB1PeriphClockCmd)
    i.RCC_APB1PeriphResetCmd                 0x0800093c   Section        0  stm32f0xx_rcc.o(i.RCC_APB1PeriphResetCmd)
    i.RCC_APB2PeriphClockCmd                 0x08000954   Section        0  stm32f0xx_rcc.o(i.RCC_APB2PeriphClockCmd)
    i.RCC_APB2PeriphResetCmd                 0x0800096c   Section        0  stm32f0xx_rcc.o(i.RCC_APB2PeriphResetCmd)
    i.RCC_GetClocksFreq                      0x08000984   Section        0  stm32f0xx_rcc.o(i.RCC_GetClocksFreq)
    i.RCC_I2CCLKConfig                       0x08000afc   Section        0  stm32f0xx_rcc.o(i.RCC_I2CCLKConfig)
    i.SVC_Handler                            0x08000b14   Section        0  port.o(i.SVC_Handler)
    i.SetSysClock                            0x08000b18   Section        0  system_stm32f0xx.o(i.SetSysClock)
    SetSysClock                              0x08000b19   Thumb Code    86  system_stm32f0xx.o(i.SetSysClock)
    i.SysTickConfig                          0x08000b78   Section        0  hw_config.o(i.SysTickConfig)
    i.SysTick_Handler                        0x08000c60   Section        0  port.o(i.SysTick_Handler)
    i.SystemInit                             0x08000c84   Section        0  system_stm32f0xx.o(i.SystemInit)
    i.TIM1_PWM_Config                        0x08000ce4   Section        0  hw_config.o(i.TIM1_PWM_Config)
    i.TIM_Cmd                                0x08000d84   Section        0  stm32f0xx_tim.o(i.TIM_Cmd)
    i.TIM_CtrlPWMOutputs                     0x08000d98   Section        0  stm32f0xx_tim.o(i.TIM_CtrlPWMOutputs)
    i.TIM_OC2Init                            0x08000db0   Section        0  stm32f0xx_tim.o(i.TIM_OC2Init)
    i.TIM_OCStructInit                       0x08000e40   Section        0  stm32f0xx_tim.o(i.TIM_OCStructInit)
    i.TIM_TimeBaseInit                       0x08000e54   Section        0  stm32f0xx_tim.o(i.TIM_TimeBaseInit)
    i.TIM_TimeBaseStructInit                 0x08000ec8   Section        0  stm32f0xx_tim.o(i.TIM_TimeBaseStructInit)
    i.USART_Cmd                              0x08000eda   Section        0  stm32f0xx_usart.o(i.USART_Cmd)
    i.USART_Config                           0x08000ef0   Section        0  hw_config.o(i.USART_Config)
    i.USART_GetFlagStatus                    0x08000fa4   Section        0  stm32f0xx_usart.o(i.USART_GetFlagStatus)
    i.USART_ITConfig                         0x08000fb2   Section        0  stm32f0xx_usart.o(i.USART_ITConfig)
    i.USART_Init                             0x08000fdc   Section        0  stm32f0xx_usart.o(i.USART_Init)
    i.USART_SendData                         0x08001084   Section        0  stm32f0xx_usart.o(i.USART_SendData)
    i.__0printf$5                            0x0800108c   Section        0  printf5.o(i.__0printf$5)
    i.__ARM_common_switch8                   0x080010ac   Section        0  tasks.o(i.__ARM_common_switch8)
    i.__scatterload_copy                     0x080010c6   Section       14  handlers.o(i.__scatterload_copy)
    i.__scatterload_null                     0x080010d4   Section        2  handlers.o(i.__scatterload_null)
    i.__scatterload_zeroinit                 0x080010d6   Section       14  handlers.o(i.__scatterload_zeroinit)
    i._printf_core                           0x080010e4   Section        0  printf5.o(i._printf_core)
    _printf_core                             0x080010e5   Thumb Code   688  printf5.o(i._printf_core)
    i.fputc                                  0x080013c0   Section        0  hw_config.o(i.fputc)
    i.main                                   0x080013e4   Section        0  main.o(i.main)
    i.prvAddCurrentTaskToDelayedList         0x08001488   Section        0  tasks.o(i.prvAddCurrentTaskToDelayedList)
    prvAddCurrentTaskToDelayedList           0x08001489   Thumb Code    46  tasks.o(i.prvAddCurrentTaskToDelayedList)
    i.prvCheckForValidListAndQueue           0x080014bc   Section        0  timers.o(i.prvCheckForValidListAndQueue)
    prvCheckForValidListAndQueue             0x080014bd   Thumb Code    68  timers.o(i.prvCheckForValidListAndQueue)
    i.prvCheckTasksWaitingTermination        0x08001510   Section        0  tasks.o(i.prvCheckTasksWaitingTermination)
    prvCheckTasksWaitingTermination          0x08001511   Thumb Code    78  tasks.o(i.prvCheckTasksWaitingTermination)
    i.prvCopyDataFromQueue                   0x08001568   Section        0  queue.o(i.prvCopyDataFromQueue)
    prvCopyDataFromQueue                     0x08001569   Thumb Code    38  queue.o(i.prvCopyDataFromQueue)
    i.prvCopyDataToQueue                     0x0800158e   Section        0  queue.o(i.prvCopyDataToQueue)
    prvCopyDataToQueue                       0x0800158f   Thumb Code   118  queue.o(i.prvCopyDataToQueue)
    i.prvHeapInit                            0x08001604   Section        0  heap_4.o(i.prvHeapInit)
    prvHeapInit                              0x08001605   Thumb Code    60  heap_4.o(i.prvHeapInit)
    i.prvIdleTask                            0x08001648   Section        0  tasks.o(i.prvIdleTask)
    prvIdleTask                              0x08001649   Thumb Code    18  tasks.o(i.prvIdleTask)
    i.prvInsertBlockIntoFreeList             0x08001660   Section        0  heap_4.o(i.prvInsertBlockIntoFreeList)
    prvInsertBlockIntoFreeList               0x08001661   Thumb Code    72  heap_4.o(i.prvInsertBlockIntoFreeList)
    i.prvInsertTimerInActiveList             0x080016ac   Section        0  timers.o(i.prvInsertTimerInActiveList)
    prvInsertTimerInActiveList               0x080016ad   Thumb Code    52  timers.o(i.prvInsertTimerInActiveList)
    i.prvProcessReceivedCommands             0x080016e4   Section        0  timers.o(i.prvProcessReceivedCommands)
    prvProcessReceivedCommands               0x080016e5   Thumb Code   164  timers.o(i.prvProcessReceivedCommands)
    i.prvProcessTimerOrBlockTask             0x0800178c   Section        0  timers.o(i.prvProcessTimerOrBlockTask)
    prvProcessTimerOrBlockTask               0x0800178d   Thumb Code   136  timers.o(i.prvProcessTimerOrBlockTask)
    i.prvResetNextTaskUnblockTime            0x08001818   Section        0  tasks.o(i.prvResetNextTaskUnblockTime)
    prvResetNextTaskUnblockTime              0x08001819   Thumb Code    28  tasks.o(i.prvResetNextTaskUnblockTime)
    i.prvSampleTimeNow                       0x08001838   Section        0  timers.o(i.prvSampleTimeNow)
    prvSampleTimeNow                         0x08001839   Thumb Code    36  timers.o(i.prvSampleTimeNow)
    i.prvSwitchTimerLists                    0x08001860   Section        0  timers.o(i.prvSwitchTimerLists)
    prvSwitchTimerLists                      0x08001861   Thumb Code    92  timers.o(i.prvSwitchTimerLists)
    i.prvTaskExitError                       0x080018c0   Section        0  port.o(i.prvTaskExitError)
    prvTaskExitError                         0x080018c1   Thumb Code    14  port.o(i.prvTaskExitError)
    i.prvTimerTask                           0x080018d4   Section        0  timers.o(i.prvTimerTask)
    prvTimerTask                             0x080018d5   Thumb Code    32  timers.o(i.prvTimerTask)
    i.prvUnlockQueue                         0x080018f8   Section        0  queue.o(i.prvUnlockQueue)
    prvUnlockQueue                           0x080018f9   Thumb Code   106  queue.o(i.prvUnlockQueue)
    i.pvPortMalloc                           0x08001964   Section        0  heap_4.o(i.pvPortMalloc)
    i.pvTaskIncrementMutexHeldCount          0x08001a14   Section        0  tasks.o(i.pvTaskIncrementMutexHeldCount)
    i.pxPortInitialiseStack                  0x08001a2c   Section        0  port.o(i.pxPortInitialiseStack)
    i.uxListRemove                           0x08001a4c   Section        0  list.o(i.uxListRemove)
    i.uxTaskPriorityGet                      0x08001a70   Section        0  tasks.o(i.uxTaskPriorityGet)
    i.vListInitialise                        0x08001a90   Section        0  list.o(i.vListInitialise)
    i.vListInitialiseItem                    0x08001aa6   Section        0  list.o(i.vListInitialiseItem)
    i.vListInsert                            0x08001aac   Section        0  list.o(i.vListInsert)
    i.vListInsertEnd                         0x08001adc   Section        0  list.o(i.vListInsertEnd)
    i.vPortEnterCritical                     0x08001af4   Section        0  port.o(i.vPortEnterCritical)
    i.vPortExitCritical                      0x08001b0c   Section        0  port.o(i.vPortExitCritical)
    i.vPortFree                              0x08001b28   Section        0  heap_4.o(i.vPortFree)
    i.vPortYield                             0x08001b6c   Section        0  port.o(i.vPortYield)
    i.vPrintString                           0x08001b84   Section        0  app_task.o(i.vPrintString)
    i.vQueueAddToRegistry                    0x08001ba8   Section        0  queue.o(i.vQueueAddToRegistry)
    i.vQueueWaitForMessageRestricted         0x08001bcc   Section        0  queue.o(i.vQueueWaitForMessageRestricted)
    i.vTaskAppBehavior                       0x08001c04   Section        0  app_task.o(i.vTaskAppBehavior)
    i.vTaskDelayUntil                        0x08001c34   Section        0  tasks.o(i.vTaskDelayUntil)
    i.vTaskDelete                            0x08001c98   Section        0  tasks.o(i.vTaskDelete)
    i.vTaskInitApplication                   0x08001d08   Section        0  app_task.o(i.vTaskInitApplication)
    i.vTaskInitHardware                      0x08001d3c   Section        0  app_task.o(i.vTaskInitHardware)
    i.vTaskMissedYield                       0x08001d60   Section        0  tasks.o(i.vTaskMissedYield)
    i.vTaskPlaceOnEventList                  0x08001d6c   Section        0  tasks.o(i.vTaskPlaceOnEventList)
    i.vTaskPlaceOnEventListRestricted        0x08001dac   Section        0  tasks.o(i.vTaskPlaceOnEventListRestricted)
    i.vTaskPriorityInherit                   0x08001dd8   Section        0  tasks.o(i.vTaskPriorityInherit)
    i.vTaskPrioritySet                       0x08001e3c   Section        0  tasks.o(i.vTaskPrioritySet)
    i.vTaskSetTimeOutState                   0x08001ed0   Section        0  tasks.o(i.vTaskSetTimeOutState)
    i.vTaskStartScheduler                    0x08001ee8   Section        0  tasks.o(i.vTaskStartScheduler)
    i.vTaskSuspendAll                        0x08001f34   Section        0  tasks.o(i.vTaskSuspendAll)
    i.vTaskSwitchContext                     0x08001f44   Section        0  tasks.o(i.vTaskSwitchContext)
    i.xPortStartScheduler                    0x08001f9c   Section        0  port.o(i.xPortStartScheduler)
    i.xQueueGenericCreate                    0x08001fdc   Section        0  queue.o(i.xQueueGenericCreate)
    i.xQueueGenericReceive                   0x08002022   Section        0  queue.o(i.xQueueGenericReceive)
    i.xQueueGenericReset                     0x0800215c   Section        0  queue.o(i.xQueueGenericReset)
    i.xQueueGenericSend                      0x080021c6   Section        0  queue.o(i.xQueueGenericSend)
    i.xQueueGenericSendFromISR               0x080022dc   Section        0  queue.o(i.xQueueGenericSendFromISR)
    i.xTaskCheckForTimeOut                   0x08002360   Section        0  tasks.o(i.xTaskCheckForTimeOut)
    i.xTaskGenericCreate                     0x080023b4   Section        0  tasks.o(i.xTaskGenericCreate)
    i.xTaskGetSchedulerState                 0x08002528   Section        0  tasks.o(i.xTaskGetSchedulerState)
    i.xTaskGetTickCount                      0x08002548   Section        0  tasks.o(i.xTaskGetTickCount)
    i.xTaskIncrementTick                     0x08002554   Section        0  tasks.o(i.xTaskIncrementTick)
    i.xTaskPriorityDisinherit                0x08002614   Section        0  tasks.o(i.xTaskPriorityDisinherit)
    i.xTaskRemoveFromEventList               0x08002674   Section        0  tasks.o(i.xTaskRemoveFromEventList)
    i.xTaskResumeAll                         0x080026d8   Section        0  tasks.o(i.xTaskResumeAll)
    i.xTimerCreateTimerTask                  0x08002780   Section        0  timers.o(i.xTimerCreateTimerTask)
    i.xTimerGenericCommand                   0x080027c4   Section        0  timers.o(i.xTimerGenericCommand)
    .data                                    0x20000000   Section       20  system_stm32f0xx.o(.data)
    .data                                    0x20000014   Section       16  stm32f0xx_rcc.o(.data)
    APBAHBPrescTable                         0x20000014   Data          16  stm32f0xx_rcc.o(.data)
    .data                                    0x20000024   Section       12  app_task.o(.data)
    .data                                    0x20000030   Section        4  custom_adc.o(.data)
    .data                                    0x20000034   Section       56  tasks.o(.data)
    uxTasksDeleted                           0x20000038   Data           4  tasks.o(.data)
    uxCurrentNumberOfTasks                   0x2000003c   Data           4  tasks.o(.data)
    xTickCount                               0x20000040   Data           4  tasks.o(.data)
    uxTopReadyPriority                       0x20000044   Data           4  tasks.o(.data)
    xSchedulerRunning                        0x20000048   Data           4  tasks.o(.data)
    uxPendedTicks                            0x2000004c   Data           4  tasks.o(.data)
    xYieldPending                            0x20000050   Data           4  tasks.o(.data)
    xNumOfOverflows                          0x20000054   Data           4  tasks.o(.data)
    uxTaskNumber                             0x20000058   Data           4  tasks.o(.data)
    xNextTaskUnblockTime                     0x2000005c   Data           4  tasks.o(.data)
    uxSchedulerSuspended                     0x20000060   Data           4  tasks.o(.data)
    pxDelayedTaskList                        0x20000064   Data           4  tasks.o(.data)
    pxOverflowDelayedTaskList                0x20000068   Data           4  tasks.o(.data)
    .data                                    0x2000006c   Section       16  timers.o(.data)
    xTimerQueue                              0x2000006c   Data           4  timers.o(.data)
    xLastTime                                0x20000070   Data           4  timers.o(.data)
    pxCurrentTimerList                       0x20000074   Data           4  timers.o(.data)
    pxOverflowTimerList                      0x20000078   Data           4  timers.o(.data)
    .data                                    0x2000007c   Section        4  port.o(.data)
    uxCriticalNesting                        0x2000007c   Data           4  port.o(.data)
    .data                                    0x20000080   Section       24  heap_4.o(.data)
    pxEnd                                    0x20000080   Data           4  heap_4.o(.data)
    xFreeBytesRemaining                      0x20000084   Data           4  heap_4.o(.data)
    xMinimumEverFreeBytesRemaining           0x20000088   Data           4  heap_4.o(.data)
    xBlockAllocatedBit                       0x2000008c   Data           4  heap_4.o(.data)
    xStart                                   0x20000090   Data           8  heap_4.o(.data)
    .data                                    0x20000098   Section        4  stdout.o(.data)
    .bss                                     0x2000009c   Section       40  hw_config.o(.bss)
    .bss                                     0x200000c4   Section       64  custom_adc.o(.bss)
    .bss                                     0x20000104   Section       64  queue.o(.bss)
    .bss                                     0x20000144   Section      200  tasks.o(.bss)
    pxReadyTasksLists                        0x20000144   Data         100  tasks.o(.bss)
    xDelayedTaskList1                        0x200001a8   Data          20  tasks.o(.bss)
    xDelayedTaskList2                        0x200001bc   Data          20  tasks.o(.bss)
    xPendingReadyList                        0x200001d0   Data          20  tasks.o(.bss)
    xTasksWaitingTermination                 0x200001e4   Data          20  tasks.o(.bss)
    xSuspendedTaskList                       0x200001f8   Data          20  tasks.o(.bss)
    .bss                                     0x2000020c   Section       40  timers.o(.bss)
    xActiveTimerList1                        0x2000020c   Data          20  timers.o(.bss)
    xActiveTimerList2                        0x20000220   Data          20  timers.o(.bss)
    .bss                                     0x20000234   Section     5120  heap_4.o(.bss)
    ucHeap                                   0x20000234   Data        5120  heap_4.o(.bss)
    STACK                                    0x20001638   Section     1024  startup_stm32f030.o(STACK)

    Global Symbols

    Symbol Name                              Value     Ov Type        Size  Object(Section)

    BuildAttributes$$THM_ISAv3M$S$PE$A:L22$X:L11$S22$IEEE1$IW$USESV6$~STKCKD$USESV7$~SHL$OTIME$ROPI$IEEEX$EBA8$MICROLIB$REQ8$PRES8$EABIv2 0x00000000   Number         0  anon$$obj.o ABSOLUTE
    __ARM_use_no_argv                        0x00000000   Number         0  main.o ABSOLUTE
    _printf_a                                0x00000000   Number         0  stubs.o ABSOLUTE
    _printf_c                                0x00000000   Number         0  stubs.o ABSOLUTE
    _printf_charcount                        0x00000000   Number         0  stubs.o ABSOLUTE
    _printf_d                                0x00000000   Number         0  stubs.o ABSOLUTE
    _printf_e                                0x00000000   Number         0  stubs.o ABSOLUTE
    _printf_f                                0x00000000   Number         0  stubs.o ABSOLUTE
    _printf_flags                            0x00000000   Number         0  stubs.o ABSOLUTE
    _printf_fp_dec                           0x00000000   Number         0  stubs.o ABSOLUTE
    _printf_fp_hex                           0x00000000   Number         0  stubs.o ABSOLUTE
    _printf_g                                0x00000000   Number         0  stubs.o ABSOLUTE
    _printf_i                                0x00000000   Number         0  stubs.o ABSOLUTE
    _printf_int_dec                          0x00000000   Number         0  stubs.o ABSOLUTE
    _printf_l                                0x00000000   Number         0  stubs.o ABSOLUTE
    _printf_lc                               0x00000000   Number         0  stubs.o ABSOLUTE
    _printf_ll                               0x00000000   Number         0  stubs.o ABSOLUTE
    _printf_lld                              0x00000000   Number         0  stubs.o ABSOLUTE
    _printf_lli                              0x00000000   Number         0  stubs.o ABSOLUTE
    _printf_llo                              0x00000000   Number         0  stubs.o ABSOLUTE
    _printf_llu                              0x00000000   Number         0  stubs.o ABSOLUTE
    _printf_llx                              0x00000000   Number         0  stubs.o ABSOLUTE
    _printf_longlong_dec                     0x00000000   Number         0  stubs.o ABSOLUTE
    _printf_longlong_hex                     0x00000000   Number         0  stubs.o ABSOLUTE
    _printf_longlong_oct                     0x00000000   Number         0  stubs.o ABSOLUTE
    _printf_ls                               0x00000000   Number         0  stubs.o ABSOLUTE
    _printf_mbtowc                           0x00000000   Number         0  stubs.o ABSOLUTE
    _printf_n                                0x00000000   Number         0  stubs.o ABSOLUTE
    _printf_o                                0x00000000   Number         0  stubs.o ABSOLUTE
    _printf_p                                0x00000000   Number         0  stubs.o ABSOLUTE
    _printf_percent                          0x00000000   Number         0  stubs.o ABSOLUTE
    _printf_pre_padding                      0x00000000   Number         0  stubs.o ABSOLUTE
    _printf_return_value                     0x00000000   Number         0  stubs.o ABSOLUTE
    _printf_s                                0x00000000   Number         0  stubs.o ABSOLUTE
    _printf_sizespec                         0x00000000   Number         0  stubs.o ABSOLUTE
    _printf_str                              0x00000000   Number         0  stubs.o ABSOLUTE
    _printf_truncate_signed                  0x00000000   Number         0  stubs.o ABSOLUTE
    _printf_truncate_unsigned                0x00000000   Number         0  stubs.o ABSOLUTE
    _printf_u                                0x00000000   Number         0  stubs.o ABSOLUTE
    _printf_wc                               0x00000000   Number         0  stubs.o ABSOLUTE
    _printf_wctomb                           0x00000000   Number         0  stubs.o ABSOLUTE
    _printf_widthprec                        0x00000000   Number         0  stubs.o ABSOLUTE
    _printf_x                                0x00000000   Number         0  stubs.o ABSOLUTE
    __cpp_initialize__aeabi_                  - Undefined Weak Reference
    __cxa_finalize                            - Undefined Weak Reference
    __decompress                              - Undefined Weak Reference
    _clock_init                               - Undefined Weak Reference
    _microlib_exit                            - Undefined Weak Reference
    __Vectors_Size                           0x000000b4   Number         0  startup_stm32f030.o ABSOLUTE
    __Vectors                                0x08000000   Data           4  startup_stm32f030.o(RESET)
    __Vectors_End                            0x080000b4   Data           0  startup_stm32f030.o(RESET)
    __main                                   0x080000b5   Thumb Code     0  entry.o(.ARM.Collect$$$$00000000)
    _main_stk                                0x080000b5   Thumb Code     0  entry2.o(.ARM.Collect$$$$00000001)
    _main_scatterload                        0x080000b9   Thumb Code     0  entry5.o(.ARM.Collect$$$$00000004)
    __main_after_scatterload                 0x080000bd   Thumb Code     0  entry5.o(.ARM.Collect$$$$00000004)
    _main_clock                              0x080000bd   Thumb Code     0  entry7b.o(.ARM.Collect$$$$00000008)
    _main_cpp_init                           0x080000bd   Thumb Code     0  entry8b.o(.ARM.Collect$$$$0000000A)
    _main_init                               0x080000bd   Thumb Code     0  entry9a.o(.ARM.Collect$$$$0000000B)
    __rt_final_cpp                           0x080000c5   Thumb Code     0  entry10a.o(.ARM.Collect$$$$0000000D)
    __rt_final_exit                          0x080000c5   Thumb Code     0  entry11a.o(.ARM.Collect$$$$0000000F)
    __asm___6_port_c_39a90d8d__prvPortStartFirstTask 0x080000c9   Thumb Code    28  port.o(.emb_text)
    ulSetInterruptMaskFromISR                0x080000e9   Thumb Code     8  port.o(.emb_text)
    vClearInterruptMaskFromISR               0x080000f1   Thumb Code     6  port.o(.emb_text)
    PendSV_Handler                           0x080000f7   Thumb Code    62  port.o(.emb_text)
    Reset_Handler                            0x08000139   Thumb Code    38  startup_stm32f030.o(.text)
    ADC1_IRQHandler                          0x08000169   Thumb Code     0  startup_stm32f030.o(.text)
    DMA1_Channel2_3_IRQHandler               0x08000169   Thumb Code     0  startup_stm32f030.o(.text)
    DMA1_Channel4_5_IRQHandler               0x08000169   Thumb Code     0  startup_stm32f030.o(.text)
    EXTI0_1_IRQHandler                       0x08000169   Thumb Code     0  startup_stm32f030.o(.text)
    EXTI2_3_IRQHandler                       0x08000169   Thumb Code     0  startup_stm32f030.o(.text)
    EXTI4_15_IRQHandler                      0x08000169   Thumb Code     0  startup_stm32f030.o(.text)
    FLASH_IRQHandler                         0x08000169   Thumb Code     0  startup_stm32f030.o(.text)
    I2C1_IRQHandler                          0x08000169   Thumb Code     0  startup_stm32f030.o(.text)
    I2C2_IRQHandler                          0x08000169   Thumb Code     0  startup_stm32f030.o(.text)
    RCC_IRQHandler                           0x08000169   Thumb Code     0  startup_stm32f030.o(.text)
    RTC_IRQHandler                           0x08000169   Thumb Code     0  startup_stm32f030.o(.text)
    SPI1_IRQHandler                          0x08000169   Thumb Code     0  startup_stm32f030.o(.text)
    SPI2_IRQHandler                          0x08000169   Thumb Code     0  startup_stm32f030.o(.text)
    TIM14_IRQHandler                         0x08000169   Thumb Code     0  startup_stm32f030.o(.text)
    TIM15_IRQHandler                         0x08000169   Thumb Code     0  startup_stm32f030.o(.text)
    TIM16_IRQHandler                         0x08000169   Thumb Code     0  startup_stm32f030.o(.text)
    TIM17_IRQHandler                         0x08000169   Thumb Code     0  startup_stm32f030.o(.text)
    TIM1_BRK_UP_TRG_COM_IRQHandler           0x08000169   Thumb Code     0  startup_stm32f030.o(.text)
    TIM1_CC_IRQHandler                       0x08000169   Thumb Code     0  startup_stm32f030.o(.text)
    TIM3_IRQHandler                          0x08000169   Thumb Code     0  startup_stm32f030.o(.text)
    USART1_IRQHandler                        0x08000169   Thumb Code     0  startup_stm32f030.o(.text)
    USART2_IRQHandler                        0x08000169   Thumb Code     0  startup_stm32f030.o(.text)
    WWDG_IRQHandler                          0x08000169   Thumb Code     0  startup_stm32f030.o(.text)
    __aeabi_uidiv                            0x08000191   Thumb Code     0  uidiv.o(.text)
    __aeabi_uidivmod                         0x08000191   Thumb Code    44  uidiv.o(.text)
    __aeabi_memcpy                           0x080001bd   Thumb Code    36  memcpya.o(.text)
    __aeabi_memcpy4                          0x080001bd   Thumb Code     0  memcpya.o(.text)
    __aeabi_memcpy8                          0x080001bd   Thumb Code     0  memcpya.o(.text)
    __aeabi_uldivmod                         0x080001e1   Thumb Code    96  uldiv.o(.text)
    __aeabi_llsr                             0x08000241   Thumb Code    34  llushr.o(.text)
    _ll_ushift_r                             0x08000241   Thumb Code     0  llushr.o(.text)
    __scatterload                            0x08000265   Thumb Code    28  init.o(.text)
    __scatterload_rt2                        0x08000265   Thumb Code     0  init.o(.text)
    __aeabi_llsl                             0x08000289   Thumb Code    32  llshl.o(.text)
    _ll_shift_l                              0x08000289   Thumb Code     0  llshl.o(.text)
    ADC_ChannelConfig                        0x080002a9   Thumb Code    10  stm32f0xx_adc.o(i.ADC_ChannelConfig)
    ADC_Cmd                                  0x080002b3   Thumb Code    18  stm32f0xx_adc.o(i.ADC_Cmd)
    ADC_DMACmd                               0x080002c5   Thumb Code    20  stm32f0xx_adc.o(i.ADC_DMACmd)
    ADC_DMARequestModeConfig                 0x080002d9   Thumb Code    16  stm32f0xx_adc.o(i.ADC_DMARequestModeConfig)
    ADC_DeInit                               0x080002e9   Thumb Code    28  stm32f0xx_adc.o(i.ADC_DeInit)
    ADC_GetCalibrationFactor                 0x08000309   Thumb Code    46  stm32f0xx_adc.o(i.ADC_GetCalibrationFactor)
    ADC_GetFlagStatus                        0x08000337   Thumb Code    28  stm32f0xx_adc.o(i.ADC_GetFlagStatus)
    ADC_Init                                 0x08000355   Thumb Code    38  stm32f0xx_adc.o(i.ADC_Init)
    ADC_StartOfConversion                    0x08000381   Thumb Code    10  stm32f0xx_adc.o(i.ADC_StartOfConversion)
    ADC_StructInit                           0x0800038b   Thumb Code    16  stm32f0xx_adc.o(i.ADC_StructInit)
    Custom_ADC1_DMA_Config                   0x0800039d   Thumb Code   252  custom_adc.o(i.Custom_ADC1_DMA_Config)
    Custom_ADC1_Filter                       0x080004a5   Thumb Code    54  custom_adc.o(i.Custom_ADC1_Filter)
    Custom_ADC1_Voltage                      0x080004e5   Thumb Code    18  custom_adc.o(i.Custom_ADC1_Voltage)
    DMA1_Channel1_IRQHandler                 0x080004fd   Thumb Code    24  stm32f0xx_it.o(i.DMA1_Channel1_IRQHandler)
    DMA_ClearITPendingBit                    0x08000515   Thumb Code    14  stm32f0xx_dma.o(i.DMA_ClearITPendingBit)
    DMA_Cmd                                  0x0800052d   Thumb Code    20  stm32f0xx_dma.o(i.DMA_Cmd)
    DMA_DeInit                               0x08000545   Thumb Code   178  stm32f0xx_dma.o(i.DMA_DeInit)
    DMA_GetITStatus                          0x08000605   Thumb Code    24  stm32f0xx_dma.o(i.DMA_GetITStatus)
    DMA_ITConfig                             0x08000625   Thumb Code    16  stm32f0xx_dma.o(i.DMA_ITConfig)
    DMA_Init                                 0x08000635   Thumb Code    56  stm32f0xx_dma.o(i.DMA_Init)
    GPIO_Init                                0x08000671   Thumb Code   112  stm32f0xx_gpio.o(i.GPIO_Init)
    GPIO_PinAFConfig                         0x080006e1   Thumb Code    32  stm32f0xx_gpio.o(i.GPIO_PinAFConfig)
    GPIO_StructInit                          0x08000701   Thumb Code    18  stm32f0xx_gpio.o(i.GPIO_StructInit)
    HardFault_Handler                        0x08000719   Thumb Code     2  stm32f0xx_it.o(i.HardFault_Handler)
    I2C_Cmd                                  0x0800071b   Thumb Code    20  stm32f0xx_i2c.o(i.I2C_Cmd)
    I2C_DEVICE_Init                          0x08000731   Thumb Code    48  i2c_device.o(i.I2C_DEVICE_Init)
    I2C_DEVICE_LowLevel_Init                 0x08000769   Thumb Code   114  i2c_device.o(i.I2C_DEVICE_LowLevel_Init)
    I2C_DEVICE_Setup                         0x080007e1   Thumb Code     2  i2c_device.o(i.I2C_DEVICE_Setup)
    I2C_Init                                 0x080007e5   Thumb Code    92  stm32f0xx_i2c.o(i.I2C_Init)
    LED_Config                               0x08000849   Thumb Code    40  hw_config.o(i.LED_Config)
    NMI_Handler                              0x08000875   Thumb Code     2  stm32f0xx_it.o(i.NMI_Handler)
    NVIC_Init                                0x08000879   Thumb Code    70  stm32f0xx_misc.o(i.NVIC_Init)
    RCC_AHBPeriphClockCmd                    0x0800090d   Thumb Code    18  stm32f0xx_rcc.o(i.RCC_AHBPeriphClockCmd)
    RCC_APB1PeriphClockCmd                   0x08000925   Thumb Code    18  stm32f0xx_rcc.o(i.RCC_APB1PeriphClockCmd)
    RCC_APB1PeriphResetCmd                   0x0800093d   Thumb Code    18  stm32f0xx_rcc.o(i.RCC_APB1PeriphResetCmd)
    RCC_APB2PeriphClockCmd                   0x08000955   Thumb Code    18  stm32f0xx_rcc.o(i.RCC_APB2PeriphClockCmd)
    RCC_APB2PeriphResetCmd                   0x0800096d   Thumb Code    18  stm32f0xx_rcc.o(i.RCC_APB2PeriphResetCmd)
    RCC_GetClocksFreq                        0x08000985   Thumb Code   346  stm32f0xx_rcc.o(i.RCC_GetClocksFreq)
    RCC_I2CCLKConfig                         0x08000afd   Thumb Code    18  stm32f0xx_rcc.o(i.RCC_I2CCLKConfig)
    SVC_Handler                              0x08000b15   Thumb Code     2  port.o(i.SVC_Handler)
    SysTickConfig                            0x08000b79   Thumb Code   102  hw_config.o(i.SysTickConfig)
    SysTick_Handler                          0x08000c61   Thumb Code    32  port.o(i.SysTick_Handler)
    SystemInit                               0x08000c85   Thumb Code    84  system_stm32f0xx.o(i.SystemInit)
    TIM1_PWM_Config                          0x08000ce5   Thumb Code   150  hw_config.o(i.TIM1_PWM_Config)
    TIM_Cmd                                  0x08000d85   Thumb Code    20  stm32f0xx_tim.o(i.TIM_Cmd)
    TIM_CtrlPWMOutputs                       0x08000d99   Thumb Code    24  stm32f0xx_tim.o(i.TIM_CtrlPWMOutputs)
    TIM_OC2Init                              0x08000db1   Thumb Code   124  stm32f0xx_tim.o(i.TIM_OC2Init)
    TIM_OCStructInit                         0x08000e41   Thumb Code    20  stm32f0xx_tim.o(i.TIM_OCStructInit)
    TIM_TimeBaseInit                         0x08000e55   Thumb Code    88  stm32f0xx_tim.o(i.TIM_TimeBaseInit)
    TIM_TimeBaseStructInit                   0x08000ec9   Thumb Code    18  stm32f0xx_tim.o(i.TIM_TimeBaseStructInit)
    USART_Cmd                                0x08000edb   Thumb Code    20  stm32f0xx_usart.o(i.USART_Cmd)
    USART_Config                             0x08000ef1   Thumb Code   172  hw_config.o(i.USART_Config)
    USART_GetFlagStatus                      0x08000fa5   Thumb Code    14  stm32f0xx_usart.o(i.USART_GetFlagStatus)
    USART_ITConfig                           0x08000fb3   Thumb Code    42  stm32f0xx_usart.o(i.USART_ITConfig)
    USART_Init                               0x08000fdd   Thumb Code   148  stm32f0xx_usart.o(i.USART_Init)
    USART_SendData                           0x08001085   Thumb Code     8  stm32f0xx_usart.o(i.USART_SendData)
    __0printf$5                              0x0800108d   Thumb Code    24  printf5.o(i.__0printf$5)
    __1printf$5                              0x0800108d   Thumb Code     0  printf5.o(i.__0printf$5)
    __2printf                                0x0800108d   Thumb Code     0  printf5.o(i.__0printf$5)
    __ARM_common_switch8                     0x080010ad   Thumb Code    26  tasks.o(i.__ARM_common_switch8)
    __scatterload_copy                       0x080010c7   Thumb Code    14  handlers.o(i.__scatterload_copy)
    __scatterload_null                       0x080010d5   Thumb Code     2  handlers.o(i.__scatterload_null)
    __scatterload_zeroinit                   0x080010d7   Thumb Code    14  handlers.o(i.__scatterload_zeroinit)
    fputc                                    0x080013c1   Thumb Code    30  hw_config.o(i.fputc)
    main                                     0x080013e5   Thumb Code    80  main.o(i.main)
    pvPortMalloc                             0x08001965   Thumb Code   172  heap_4.o(i.pvPortMalloc)
    pvTaskIncrementMutexHeldCount            0x08001a15   Thumb Code    20  tasks.o(i.pvTaskIncrementMutexHeldCount)
    pxPortInitialiseStack                    0x08001a2d   Thumb Code    28  port.o(i.pxPortInitialiseStack)
    uxListRemove                             0x08001a4d   Thumb Code    36  list.o(i.uxListRemove)
    uxTaskPriorityGet                        0x08001a71   Thumb Code    26  tasks.o(i.uxTaskPriorityGet)
    vListInitialise                          0x08001a91   Thumb Code    22  list.o(i.vListInitialise)
    vListInitialiseItem                      0x08001aa7   Thumb Code     6  list.o(i.vListInitialiseItem)
    vListInsert                              0x08001aad   Thumb Code    48  list.o(i.vListInsert)
    vListInsertEnd                           0x08001add   Thumb Code    24  list.o(i.vListInsertEnd)
    vPortEnterCritical                       0x08001af5   Thumb Code    20  port.o(i.vPortEnterCritical)
    vPortExitCritical                        0x08001b0d   Thumb Code    22  port.o(i.vPortExitCritical)
    vPortFree                                0x08001b29   Thumb Code    62  heap_4.o(i.vPortFree)
    vPortYield                               0x08001b6d   Thumb Code    18  port.o(i.vPortYield)
    vPrintString                             0x08001b85   Thumb Code    28  app_task.o(i.vPrintString)
    vQueueAddToRegistry                      0x08001ba9   Thumb Code    32  queue.o(i.vQueueAddToRegistry)
    vQueueWaitForMessageRestricted           0x08001bcd   Thumb Code    56  queue.o(i.vQueueWaitForMessageRestricted)
    vTaskAppBehavior                         0x08001c05   Thumb Code    42  app_task.o(i.vTaskAppBehavior)
    vTaskDelayUntil                          0x08001c35   Thumb Code    94  tasks.o(i.vTaskDelayUntil)
    vTaskDelete                              0x08001c99   Thumb Code   102  tasks.o(i.vTaskDelete)
    vTaskInitApplication                     0x08001d09   Thumb Code    24  app_task.o(i.vTaskInitApplication)
    vTaskInitHardware                        0x08001d3d   Thumb Code    30  app_task.o(i.vTaskInitHardware)
    vTaskMissedYield                         0x08001d61   Thumb Code     8  tasks.o(i.vTaskMissedYield)
    vTaskPlaceOnEventList                    0x08001d6d   Thumb Code    56  tasks.o(i.vTaskPlaceOnEventList)
    vTaskPlaceOnEventListRestricted          0x08001dad   Thumb Code    40  tasks.o(i.vTaskPlaceOnEventListRestricted)
    vTaskPriorityInherit                     0x08001dd9   Thumb Code    92  tasks.o(i.vTaskPriorityInherit)
    vTaskPrioritySet                         0x08001e3d   Thumb Code   138  tasks.o(i.vTaskPrioritySet)
    vTaskSetTimeOutState                     0x08001ed1   Thumb Code    20  tasks.o(i.vTaskSetTimeOutState)
    vTaskStartScheduler                      0x08001ee9   Thumb Code    60  tasks.o(i.vTaskStartScheduler)
    vTaskSuspendAll                          0x08001f35   Thumb Code    10  tasks.o(i.vTaskSuspendAll)
    vTaskSwitchContext                       0x08001f45   Thumb Code    78  tasks.o(i.vTaskSwitchContext)
    xPortStartScheduler                      0x08001f9d   Thumb Code    46  port.o(i.xPortStartScheduler)
    xQueueGenericCreate                      0x08001fdd   Thumb Code    70  queue.o(i.xQueueGenericCreate)
    xQueueGenericReceive                     0x08002023   Thumb Code   314  queue.o(i.xQueueGenericReceive)
    xQueueGenericReset                       0x0800215d   Thumb Code   106  queue.o(i.xQueueGenericReset)
    xQueueGenericSend                        0x080021c7   Thumb Code   278  queue.o(i.xQueueGenericSend)
    xQueueGenericSendFromISR                 0x080022dd   Thumb Code   130  queue.o(i.xQueueGenericSendFromISR)
    xTaskCheckForTimeOut                     0x08002361   Thumb Code    80  tasks.o(i.xTaskCheckForTimeOut)
    xTaskGenericCreate                       0x080023b5   Thumb Code   364  tasks.o(i.xTaskGenericCreate)
    xTaskGetSchedulerState                   0x08002529   Thumb Code    26  tasks.o(i.xTaskGetSchedulerState)
    xTaskGetTickCount                        0x08002549   Thumb Code     6  tasks.o(i.xTaskGetTickCount)
    xTaskIncrementTick                       0x08002555   Thumb Code   184  tasks.o(i.xTaskIncrementTick)
    xTaskPriorityDisinherit                  0x08002615   Thumb Code    86  tasks.o(i.xTaskPriorityDisinherit)
    xTaskRemoveFromEventList                 0x08002675   Thumb Code    90  tasks.o(i.xTaskRemoveFromEventList)
    xTaskResumeAll                           0x080026d9   Thumb Code   160  tasks.o(i.xTaskResumeAll)
    xTimerCreateTimerTask                    0x08002781   Thumb Code    50  timers.o(i.xTimerCreateTimerTask)
    xTimerGenericCommand                     0x080027c5   Thumb Code    70  timers.o(i.xTimerGenericCommand)
    Region$$Table$$Base                      0x08002810   Number         0  anon$$obj.o(Region$$Table)
    Region$$Table$$Limit                     0x08002830   Number         0  anon$$obj.o(Region$$Table)
    SystemCoreClock                          0x20000000   Data           4  system_stm32f0xx.o(.data)
    AHBPrescTable                            0x20000004   Data          16  system_stm32f0xx.o(.data)
    xTaskHardwareInit                        0x20000024   Data           4  app_task.o(.data)
    xTaskApplicationInit                     0x20000028   Data           4  app_task.o(.data)
    xTaskAppStateMachine                     0x2000002c   Data           4  app_task.o(.data)
    After_filter1                            0x20000030   Data           4  custom_adc.o(.data)
    pxCurrentTCB                             0x20000034   Data           4  tasks.o(.data)
    __stdout                                 0x20000098   Data           4  stdout.o(.data)
    RCC_Clocks                               0x2000009c   Data          40  hw_config.o(.bss)
    ADC1_Value                               0x200000c4   Data          64  custom_adc.o(.bss)
    xQueueRegistry                           0x20000104   Data          64  queue.o(.bss)
    __initial_sp                             0x20001a38   Data           0  startup_stm32f030.o(STACK)



==============================================================================

Memory Map of the image

  Image Entry point : 0x080000b5

  Load Region LR_IROM1 (Base: 0x08000000, Size: 0x000028cc, Max: 0x00010000, ABSOLUTE)

    Execution Region ER_IROM1 (Base: 0x08000000, Size: 0x00002830, Max: 0x00010000, ABSOLUTE)

    Base Addr    Size         Type   Attr      Idx    E Section Name        Object

    0x08000000   0x000000b4   Data   RO          130    RESET               startup_stm32f030.o
    0x080000b4   0x00000000   Code   RO         4923  * .ARM.Collect$$$$00000000  mc_p.l(entry.o)
    0x080000b4   0x00000004   Code   RO         5241    .ARM.Collect$$$$00000001  mc_p.l(entry2.o)
    0x080000b8   0x00000004   Code   RO         5244    .ARM.Collect$$$$00000004  mc_p.l(entry5.o)
    0x080000bc   0x00000000   Code   RO         5246    .ARM.Collect$$$$00000008  mc_p.l(entry7b.o)
    0x080000bc   0x00000000   Code   RO         5248    .ARM.Collect$$$$0000000A  mc_p.l(entry8b.o)
    0x080000bc   0x00000008   Code   RO         5249    .ARM.Collect$$$$0000000B  mc_p.l(entry9a.o)
    0x080000c4   0x00000000   Code   RO         5251    .ARM.Collect$$$$0000000D  mc_p.l(entry10a.o)
    0x080000c4   0x00000000   Code   RO         5253    .ARM.Collect$$$$0000000F  mc_p.l(entry11a.o)
    0x080000c4   0x00000004   Code   RO         5242    .ARM.Collect$$$$00002712  mc_p.l(entry2.o)
    0x080000c8   0x00000070   Code   RO         4723    .emb_text           port.o
    0x08000138   0x00000058   Code   RO          131    .text               startup_stm32f030.o
    0x08000190   0x0000002c   Code   RO         4929    .text               mc_p.l(uidiv.o)
    0x080001bc   0x00000024   Code   RO         4931    .text               mc_p.l(memcpya.o)
    0x080001e0   0x00000060   Code   RO         5255    .text               mc_p.l(uldiv.o)
    0x08000240   0x00000022   Code   RO         5257    .text               mc_p.l(llushr.o)
    0x08000262   0x00000002   PAD
    0x08000264   0x00000024   Code   RO         5281    .text               mc_p.l(init.o)
    0x08000288   0x00000020   Code   RO         5283    .text               mc_p.l(llshl.o)
    0x080002a8   0x0000000a   Code   RO          142    i.ADC_ChannelConfig  stm32f0xx_adc.o
    0x080002b2   0x00000012   Code   RO          146    i.ADC_Cmd           stm32f0xx_adc.o
    0x080002c4   0x00000014   Code   RO          148    i.ADC_DMACmd        stm32f0xx_adc.o
    0x080002d8   0x00000010   Code   RO          149    i.ADC_DMARequestModeConfig  stm32f0xx_adc.o
    0x080002e8   0x00000020   Code   RO          150    i.ADC_DeInit        stm32f0xx_adc.o
    0x08000308   0x0000002e   Code   RO          152    i.ADC_GetCalibrationFactor  stm32f0xx_adc.o
    0x08000336   0x0000001c   Code   RO          154    i.ADC_GetFlagStatus  stm32f0xx_adc.o
    0x08000352   0x00000002   PAD
    0x08000354   0x0000002c   Code   RO          157    i.ADC_Init          stm32f0xx_adc.o
    0x08000380   0x0000000a   Code   RO          160    i.ADC_StartOfConversion  stm32f0xx_adc.o
    0x0800038a   0x00000010   Code   RO          162    i.ADC_StructInit    stm32f0xx_adc.o
    0x0800039a   0x00000002   PAD
    0x0800039c   0x00000108   Code   RO         4084    i.Custom_ADC1_DMA_Config  custom_adc.o
    0x080004a4   0x00000040   Code   RO         4085    i.Custom_ADC1_Filter  custom_adc.o
    0x080004e4   0x00000018   Code   RO         4086    i.Custom_ADC1_Voltage  custom_adc.o
    0x080004fc   0x00000018   Code   RO         3954    i.DMA1_Channel1_IRQHandler  stm32f0xx_it.o
    0x08000514   0x00000018   Code   RO          660    i.DMA_ClearITPendingBit  stm32f0xx_dma.o
    0x0800052c   0x00000018   Code   RO          661    i.DMA_Cmd           stm32f0xx_dma.o
    0x08000544   0x000000c0   Code   RO          662    i.DMA_DeInit        stm32f0xx_dma.o
    0x08000604   0x00000020   Code   RO          665    i.DMA_GetITStatus   stm32f0xx_dma.o
    0x08000624   0x00000010   Code   RO          666    i.DMA_ITConfig      stm32f0xx_dma.o
    0x08000634   0x0000003c   Code   RO          667    i.DMA_Init          stm32f0xx_dma.o
    0x08000670   0x00000070   Code   RO         3301    i.GPIO_Init         stm32f0xx_gpio.o
    0x080006e0   0x00000020   Code   RO         3302    i.GPIO_PinAFConfig  stm32f0xx_gpio.o
    0x08000700   0x00000018   Code   RO         3310    i.GPIO_StructInit   stm32f0xx_gpio.o
    0x08000718   0x00000002   Code   RO         3955    i.HardFault_Handler  stm32f0xx_it.o
    0x0800071a   0x00000014   Code   RO          952    i.I2C_Cmd           stm32f0xx_i2c.o
    0x0800072e   0x00000002   PAD
    0x08000730   0x00000038   Code   RO         4008    i.I2C_DEVICE_Init   i2c_device.o
    0x08000768   0x00000078   Code   RO         4010    i.I2C_DEVICE_LowLevel_Init  i2c_device.o
    0x080007e0   0x00000002   Code   RO         4012    i.I2C_DEVICE_Setup  i2c_device.o
    0x080007e2   0x00000002   PAD
    0x080007e4   0x00000064   Code   RO          967    i.I2C_Init          stm32f0xx_i2c.o
    0x08000848   0x0000002c   Code   RO         3750    i.LED_Config        hw_config.o
    0x08000874   0x00000002   Code   RO         3956    i.NMI_Handler       stm32f0xx_it.o
    0x08000876   0x00000002   PAD
    0x08000878   0x00000050   Code   RO         1210    i.NVIC_Init         stm32f0xx_misc.o
    0x080008c8   0x00000044   Code   RO         3751    i.NVIC_SetPriority  hw_config.o
    0x0800090c   0x00000018   Code   RO         1243    i.RCC_AHBPeriphClockCmd  stm32f0xx_rcc.o
    0x08000924   0x00000018   Code   RO         1245    i.RCC_APB1PeriphClockCmd  stm32f0xx_rcc.o
    0x0800093c   0x00000018   Code   RO         1246    i.RCC_APB1PeriphResetCmd  stm32f0xx_rcc.o
    0x08000954   0x00000018   Code   RO         1247    i.RCC_APB2PeriphClockCmd  stm32f0xx_rcc.o
    0x0800096c   0x00000018   Code   RO         1248    i.RCC_APB2PeriphResetCmd  stm32f0xx_rcc.o
    0x08000984   0x00000178   Code   RO         1257    i.RCC_GetClocksFreq  stm32f0xx_rcc.o
    0x08000afc   0x00000018   Code   RO         1267    i.RCC_I2CCLKConfig  stm32f0xx_rcc.o
    0x08000b14   0x00000002   Code   RO         4724    i.SVC_Handler       port.o
    0x08000b16   0x00000002   PAD
    0x08000b18   0x00000060   Code   RO            3    i.SetSysClock       system_stm32f0xx.o
    0x08000b78   0x000000e8   Code   RO         3752    i.SysTickConfig     hw_config.o
    0x08000c60   0x00000024   Code   RO         4725    i.SysTick_Handler   port.o
    0x08000c84   0x00000060   Code   RO            5    i.SystemInit        system_stm32f0xx.o
    0x08000ce4   0x000000a0   Code   RO         3754    i.TIM1_PWM_Config   hw_config.o
    0x08000d84   0x00000014   Code   RO         1718    i.TIM_Cmd           stm32f0xx_tim.o
    0x08000d98   0x00000018   Code   RO         1720    i.TIM_CtrlPWMOutputs  stm32f0xx_tim.o
    0x08000db0   0x00000090   Code   RO         1752    i.TIM_OC2Init       stm32f0xx_tim.o
    0x08000e40   0x00000014   Code   RO         1765    i.TIM_OCStructInit  stm32f0xx_tim.o
    0x08000e54   0x00000074   Code   RO         1791    i.TIM_TimeBaseInit  stm32f0xx_tim.o
    0x08000ec8   0x00000012   Code   RO         1792    i.TIM_TimeBaseStructInit  stm32f0xx_tim.o
    0x08000eda   0x00000014   Code   RO         2937    i.USART_Cmd         stm32f0xx_usart.o
    0x08000eee   0x00000002   PAD
    0x08000ef0   0x000000b4   Code   RO         3759    i.USART_Config      hw_config.o
    0x08000fa4   0x0000000e   Code   RO         2945    i.USART_GetFlagStatus  stm32f0xx_usart.o
    0x08000fb2   0x0000002a   Code   RO         2948    i.USART_ITConfig    stm32f0xx_usart.o
    0x08000fdc   0x000000a8   Code   RO         2949    i.USART_Init        stm32f0xx_usart.o
    0x08001084   0x00000008   Code   RO         2966    i.USART_SendData    stm32f0xx_usart.o
    0x0800108c   0x00000020   Code   RO         5068    i.__0printf$5       mc_p.l(printf5.o)
    0x080010ac   0x0000001a   Code   RO         4631    i.__ARM_common_switch8  tasks.o
    0x080010c6   0x0000000e   Code   RO         5293    i.__scatterload_copy  mc_p.l(handlers.o)
    0x080010d4   0x00000002   Code   RO         5294    i.__scatterload_null  mc_p.l(handlers.o)
    0x080010d6   0x0000000e   Code   RO         5295    i.__scatterload_zeroinit  mc_p.l(handlers.o)
    0x080010e4   0x000002dc   Code   RO         5075    i._printf_core      mc_p.l(printf5.o)
    0x080013c0   0x00000024   Code   RO         3762    i.fputc             hw_config.o
    0x080013e4   0x000000a4   Code   RO         3927    i.main              main.o
    0x08001488   0x00000034   Code   RO         4373    i.prvAddCurrentTaskToDelayedList  tasks.o
    0x080014bc   0x00000054   Code   RO         4644    i.prvCheckForValidListAndQueue  timers.o
    0x08001510   0x00000058   Code   RO         4374    i.prvCheckTasksWaitingTermination  tasks.o
    0x08001568   0x00000026   Code   RO         4217    i.prvCopyDataFromQueue  queue.o
    0x0800158e   0x00000076   Code   RO         4218    i.prvCopyDataToQueue  queue.o
    0x08001604   0x00000044   Code   RO         4856    i.prvHeapInit       heap_4.o
    0x08001648   0x00000018   Code   RO         4375    i.prvIdleTask       tasks.o
    0x08001660   0x0000004c   Code   RO         4857    i.prvInsertBlockIntoFreeList  heap_4.o
    0x080016ac   0x00000038   Code   RO         4645    i.prvInsertTimerInActiveList  timers.o
    0x080016e4   0x000000a8   Code   RO         4646    i.prvProcessReceivedCommands  timers.o
    0x0800178c   0x0000008c   Code   RO         4647    i.prvProcessTimerOrBlockTask  timers.o
    0x08001818   0x00000020   Code   RO         4376    i.prvResetNextTaskUnblockTime  tasks.o
    0x08001838   0x00000028   Code   RO         4648    i.prvSampleTimeNow  timers.o
    0x08001860   0x00000060   Code   RO         4649    i.prvSwitchTimerLists  timers.o
    0x080018c0   0x00000014   Code   RO         4726    i.prvTaskExitError  port.o
    0x080018d4   0x00000024   Code   RO         4650    i.prvTimerTask      timers.o
    0x080018f8   0x0000006a   Code   RO         4219    i.prvUnlockQueue    queue.o
    0x08001962   0x00000002   PAD
    0x08001964   0x000000b0   Code   RO         4858    i.pvPortMalloc      heap_4.o
    0x08001a14   0x00000018   Code   RO         4378    i.pvTaskIncrementMutexHeldCount  tasks.o
    0x08001a2c   0x00000020   Code   RO         4727    i.pxPortInitialiseStack  port.o
    0x08001a4c   0x00000024   Code   RO         4172    i.uxListRemove      list.o
    0x08001a70   0x00000020   Code   RO         4381    i.uxTaskPriorityGet  tasks.o
    0x08001a90   0x00000016   Code   RO         4173    i.vListInitialise   list.o
    0x08001aa6   0x00000006   Code   RO         4174    i.vListInitialiseItem  list.o
    0x08001aac   0x00000030   Code   RO         4175    i.vListInsert       list.o
    0x08001adc   0x00000018   Code   RO         4176    i.vListInsertEnd    list.o
    0x08001af4   0x00000018   Code   RO         4729    i.vPortEnterCritical  port.o
    0x08001b0c   0x0000001c   Code   RO         4730    i.vPortExitCritical  port.o
    0x08001b28   0x00000044   Code   RO         4859    i.vPortFree         heap_4.o
    0x08001b6c   0x00000018   Code   RO         4731    i.vPortYield        port.o
    0x08001b84   0x00000024   Code   RO         3590    i.vPrintString      app_task.o
    0x08001ba8   0x00000024   Code   RO         4223    i.vQueueAddToRegistry  queue.o
    0x08001bcc   0x00000038   Code   RO         4226    i.vQueueWaitForMessageRestricted  queue.o
    0x08001c04   0x00000030   Code   RO         3592    i.vTaskAppBehavior  app_task.o
    0x08001c34   0x00000064   Code   RO         4385    i.vTaskDelayUntil   tasks.o
    0x08001c98   0x00000070   Code   RO         4386    i.vTaskDelete       tasks.o
    0x08001d08   0x00000034   Code   RO         3595    i.vTaskInitApplication  app_task.o
    0x08001d3c   0x00000024   Code   RO         3596    i.vTaskInitHardware  app_task.o
    0x08001d60   0x0000000c   Code   RO         4388    i.vTaskMissedYield  tasks.o
    0x08001d6c   0x00000040   Code   RO         4390    i.vTaskPlaceOnEventList  tasks.o
    0x08001dac   0x0000002c   Code   RO         4391    i.vTaskPlaceOnEventListRestricted  tasks.o
    0x08001dd8   0x00000064   Code   RO         4393    i.vTaskPriorityInherit  tasks.o
    0x08001e3c   0x00000094   Code   RO         4394    i.vTaskPrioritySet  tasks.o
    0x08001ed0   0x00000018   Code   RO         4396    i.vTaskSetTimeOutState  tasks.o
    0x08001ee8   0x0000004c   Code   RO         4397    i.vTaskStartScheduler  tasks.o
    0x08001f34   0x00000010   Code   RO         4399    i.vTaskSuspendAll   tasks.o
    0x08001f44   0x00000058   Code   RO         4400    i.vTaskSwitchContext  tasks.o
    0x08001f9c   0x00000040   Code   RO         4732    i.xPortStartScheduler  port.o
    0x08001fdc   0x00000046   Code   RO         4229    i.xQueueGenericCreate  queue.o
    0x08002022   0x0000013a   Code   RO         4230    i.xQueueGenericReceive  queue.o
    0x0800215c   0x0000006a   Code   RO         4231    i.xQueueGenericReset  queue.o
    0x080021c6   0x00000116   Code   RO         4232    i.xQueueGenericSend  queue.o
    0x080022dc   0x00000082   Code   RO         4233    i.xQueueGenericSendFromISR  queue.o
    0x0800235e   0x00000002   PAD
    0x08002360   0x00000054   Code   RO         4401    i.xTaskCheckForTimeOut  tasks.o
    0x080023b4   0x00000174   Code   RO         4402    i.xTaskGenericCreate  tasks.o
    0x08002528   0x00000020   Code   RO         4404    i.xTaskGetSchedulerState  tasks.o
    0x08002548   0x0000000c   Code   RO         4405    i.xTaskGetTickCount  tasks.o
    0x08002554   0x000000c0   Code   RO         4407    i.xTaskIncrementTick  tasks.o
    0x08002614   0x00000060   Code   RO         4411    i.xTaskPriorityDisinherit  tasks.o
    0x08002674   0x00000064   Code   RO         4412    i.xTaskRemoveFromEventList  tasks.o
    0x080026d8   0x000000a8   Code   RO         4414    i.xTaskResumeAll    tasks.o
    0x08002780   0x00000044   Code   RO         4653    i.xTimerCreateTimerTask  timers.o
    0x080027c4   0x0000004c   Code   RO         4654    i.xTimerGenericCommand  timers.o
    0x08002810   0x00000020   Data   RO         5291    Region$$Table       anon$$obj.o


    Execution Region RW_IRAM1 (Base: 0x20000000, Size: 0x00001a38, Max: 0x00002000, ABSOLUTE)

    Base Addr    Size         Type   Attr      Idx    E Section Name        Object

    0x20000000   0x00000014   Data   RW            6    .data               system_stm32f0xx.o
    0x20000014   0x00000010   Data   RW         1283    .data               stm32f0xx_rcc.o
    0x20000024   0x0000000c   Data   RW         3606    .data               app_task.o
    0x20000030   0x00000004   Data   RW         4088    .data               custom_adc.o
    0x20000034   0x00000038   Data   RW         4417    .data               tasks.o
    0x2000006c   0x00000010   Data   RW         4657    .data               timers.o
    0x2000007c   0x00000004   Data   RW         4733    .data               port.o
    0x20000080   0x00000018   Data   RW         4864    .data               heap_4.o
    0x20000098   0x00000004   Data   RW         4928    .data               mc_p.l(stdout.o)
    0x2000009c   0x00000028   Zero   RW         3763    .bss                hw_config.o
    0x200000c4   0x00000040   Zero   RW         4087    .bss                custom_adc.o
    0x20000104   0x00000040   Zero   RW         4241    .bss                queue.o
    0x20000144   0x000000c8   Zero   RW         4416    .bss                tasks.o
    0x2000020c   0x00000028   Zero   RW         4656    .bss                timers.o
    0x20000234   0x00001400   Zero   RW         4863    .bss                heap_4.o
    0x20001634   0x00000004   PAD
    0x20001638   0x00000400   Zero   RW          128    STACK               startup_stm32f030.o


==============================================================================

Image component sizes


      Code (inc. data)   RO Data    RW Data    ZI Data      Debug   Object Name

       172         48          0         12          0      18038   app_task.o
         0          0          0          0          0       2460   croutine.o
       352         28          0          4         64       2775   custom_adc.o
       388         22          0         24       5120       4375   heap_4.o
       720        166          0          0         40      10313   hw_config.o
       178         14          0          0          0       1660   i2c_device.o
       136          0          0          0          0       5094   list.o
       164         84          0          0          0        507   main.o
       342         58          0          4          0       7392   port.o
      1252          4          0          0         64      13853   queue.o
        88         38        180          0       1024        804   startup_stm32f030.o
       240         10          0          0          0       7014   stm32f0xx_adc.o
       348         40          0          0          0       5751   stm32f0xx_dma.o
       168          6          0          0          0       2561   stm32f0xx_gpio.o
       120          8          0          0          0       1993   stm32f0xx_i2c.o
        28          0          0          0          0       1481   stm32f0xx_it.o
        80         10          0          0          0       1160   stm32f0xx_misc.o
       520         66          0         16          0       5923   stm32f0xx_rcc.o
       342         48          0          0          0       5495   stm32f0xx_tim.o
       252         20          0          0          0       4341   stm32f0xx_usart.o
       192         22          0         20          0     255117   system_stm32f0xx.o
      2118        182          0         56        200      24516   tasks.o
       764         76          0         16         40       8523   timers.o

    ----------------------------------------------------------------------
      8982        950        212        152       6556     391146   Object Totals
         0          0         32          0          0          0   (incl. Generated)
        18          0          0          0          4          0   (incl. Padding)

    ----------------------------------------------------------------------

      Code (inc. data)   RO Data    RW Data    ZI Data      Debug   Library Member Name

         0          0          0          0          0          0   entry.o
         0          0          0          0          0          0   entry10a.o
         0          0          0          0          0          0   entry11a.o
         8          4          0          0          0          0   entry2.o
         4          0          0          0          0          0   entry5.o
         0          0          0          0          0          0   entry7b.o
         0          0          0          0          0          0   entry8b.o
         8          4          0          0          0          0   entry9a.o
        30          0          0          0          0          0   handlers.o
        36          8          0          0          0         68   init.o
        32          0          0          0          0         68   llshl.o
        34          0          0          0          0         68   llushr.o
        36          0          0          0          0         60   memcpya.o
       764         52          0          0          0        168   printf5.o
         0          0          0          4          0          0   stdout.o
        44          0          0          0          0         72   uidiv.o
        96          0          0          0          0         84   uldiv.o

    ----------------------------------------------------------------------
      1094         68          0          4          0        588   Library Totals
         2          0          0          0          0          0   (incl. Padding)

    ----------------------------------------------------------------------

      Code (inc. data)   RO Data    RW Data    ZI Data      Debug   Library Name

      1092         68          0          4          0        588   mc_p.l

    ----------------------------------------------------------------------
      1094         68          0          4          0        588   Library Totals

    ----------------------------------------------------------------------

==============================================================================


      Code (inc. data)   RO Data    RW Data    ZI Data      Debug   

     10076       1018        212        156       6556     386334   Grand Totals
     10076       1018        212        156       6556     386334   ELF Image Totals
     10076       1018        212        156          0          0   ROM Totals

==============================================================================

    Total RO  Size (Code + RO Data)                10288 (  10.05kB)
    Total RW  Size (RW Data + ZI Data)              6712 (   6.55kB)
    Total ROM Size (Code + RO Data + RW Data)      10444 (  10.20kB)

==============================================================================

